Component: ARM Compiler 5.06 update 5 (build 528) Tool: armlink [4d35e2]

==============================================================================

Section Cross References

    startup_stm32f10x_md.o(RESET) refers to startup_stm32f10x_md.o(STACK) for __initial_sp
    startup_stm32f10x_md.o(RESET) refers to startup_stm32f10x_md.o(.text) for Reset_Handler
    startup_stm32f10x_md.o(RESET) refers to stm32f10x_it.o(i.NMI_Handler) for NMI_Handler
    startup_stm32f10x_md.o(RESET) refers to stm32f10x_it.o(i.HardFault_Handler) for HardFault_Handler
    startup_stm32f10x_md.o(RESET) refers to stm32f10x_it.o(i.MemManage_Handler) for MemManage_Handler
    startup_stm32f10x_md.o(RESET) refers to stm32f10x_it.o(i.BusFault_Handler) for BusFault_Handler
    startup_stm32f10x_md.o(RESET) refers to stm32f10x_it.o(i.UsageFault_Handler) for UsageFault_Handler
    startup_stm32f10x_md.o(RESET) refers to port.o(.emb_text) for SVC_Handler
    startup_stm32f10x_md.o(RESET) refers to stm32f10x_it.o(i.DebugMon_Handler) for DebugMon_Handler
    startup_stm32f10x_md.o(RESET) refers to port.o(i.SysTick_Handler) for SysTick_Handler
    startup_stm32f10x_md.o(RESET) refers to serial.o(i.USART1_IRQHandler) for USART1_IRQHandler
    startup_stm32f10x_md.o(.text) refers to system_stm32f10x.o(i.SystemInit) for SystemInit
    startup_stm32f10x_md.o(.text) refers to entry.o(.ARM.Collect$$$$00000000) for __main
    system_stm32f10x.o(i.SetSysClock) refers to system_stm32f10x.o(i.SetSysClockTo72) for SetSysClockTo72
    system_stm32f10x.o(i.SystemCoreClockUpdate) refers to system_stm32f10x.o(.data) for SystemCoreClock
    system_stm32f10x.o(i.SystemInit) refers to system_stm32f10x.o(i.SetSysClock) for SetSysClock
    stm32f10x_adc.o(i.ADC_DeInit) refers to stm32f10x_rcc.o(i.RCC_APB2PeriphResetCmd) for RCC_APB2PeriphResetCmd
    stm32f10x_bkp.o(i.BKP_DeInit) refers to stm32f10x_rcc.o(i.RCC_BackupResetCmd) for RCC_BackupResetCmd
    stm32f10x_can.o(i.CAN_DeInit) refers to stm32f10x_rcc.o(i.RCC_APB1PeriphResetCmd) for RCC_APB1PeriphResetCmd
    stm32f10x_can.o(i.CAN_GetITStatus) refers to stm32f10x_can.o(i.CheckITStatus) for CheckITStatus
    stm32f10x_cec.o(i.CEC_DeInit) refers to stm32f10x_rcc.o(i.RCC_APB1PeriphResetCmd) for RCC_APB1PeriphResetCmd
    stm32f10x_dac.o(i.DAC_DeInit) refers to stm32f10x_rcc.o(i.RCC_APB1PeriphResetCmd) for RCC_APB1PeriphResetCmd
    stm32f10x_flash.o(i.FLASH_EnableWriteProtection) refers to stm32f10x_flash.o(i.FLASH_WaitForLastOperation) for FLASH_WaitForLastOperation
    stm32f10x_flash.o(i.FLASH_EraseAllBank1Pages) refers to stm32f10x_flash.o(i.FLASH_WaitForLastBank1Operation) for FLASH_WaitForLastBank1Operation
    stm32f10x_flash.o(i.FLASH_EraseAllPages) refers to stm32f10x_flash.o(i.FLASH_WaitForLastOperation) for FLASH_WaitForLastOperation
    stm32f10x_flash.o(i.FLASH_EraseOptionBytes) refers to stm32f10x_flash.o(i.FLASH_GetReadOutProtectionStatus) for FLASH_GetReadOutProtectionStatus
    stm32f10x_flash.o(i.FLASH_EraseOptionBytes) refers to stm32f10x_flash.o(i.FLASH_WaitForLastOperation) for FLASH_WaitForLastOperation
    stm32f10x_flash.o(i.FLASH_ErasePage) refers to stm32f10x_flash.o(i.FLASH_WaitForLastOperation) for FLASH_WaitForLastOperation
    stm32f10x_flash.o(i.FLASH_ProgramHalfWord) refers to stm32f10x_flash.o(i.FLASH_WaitForLastOperation) for FLASH_WaitForLastOperation
    stm32f10x_flash.o(i.FLASH_ProgramOptionByteData) refers to stm32f10x_flash.o(i.FLASH_WaitForLastOperation) for FLASH_WaitForLastOperation
    stm32f10x_flash.o(i.FLASH_ProgramWord) refers to stm32f10x_flash.o(i.FLASH_WaitForLastOperation) for FLASH_WaitForLastOperation
    stm32f10x_flash.o(i.FLASH_ReadOutProtection) refers to stm32f10x_flash.o(i.FLASH_WaitForLastOperation) for FLASH_WaitForLastOperation
    stm32f10x_flash.o(i.FLASH_UserOptionByteConfig) refers to stm32f10x_flash.o(i.FLASH_WaitForLastOperation) for FLASH_WaitForLastOperation
    stm32f10x_flash.o(i.FLASH_WaitForLastBank1Operation) refers to stm32f10x_flash.o(i.FLASH_GetBank1Status) for FLASH_GetBank1Status
    stm32f10x_flash.o(i.FLASH_WaitForLastOperation) refers to stm32f10x_flash.o(i.FLASH_GetBank1Status) for FLASH_GetBank1Status
    stm32f10x_gpio.o(i.GPIO_AFIODeInit) refers to stm32f10x_rcc.o(i.RCC_APB2PeriphResetCmd) for RCC_APB2PeriphResetCmd
    stm32f10x_gpio.o(i.GPIO_DeInit) refers to stm32f10x_rcc.o(i.RCC_APB2PeriphResetCmd) for RCC_APB2PeriphResetCmd
    stm32f10x_i2c.o(i.I2C_DeInit) refers to stm32f10x_rcc.o(i.RCC_APB1PeriphResetCmd) for RCC_APB1PeriphResetCmd
    stm32f10x_i2c.o(i.I2C_Init) refers to stm32f10x_rcc.o(i.RCC_GetClocksFreq) for RCC_GetClocksFreq
    stm32f10x_pwr.o(i.PWR_DeInit) refers to stm32f10x_rcc.o(i.RCC_APB1PeriphResetCmd) for RCC_APB1PeriphResetCmd
    stm32f10x_rcc.o(i.RCC_GetClocksFreq) refers to stm32f10x_rcc.o(.data) for APBAHBPrescTable
    stm32f10x_rcc.o(i.RCC_WaitForHSEStartUp) refers to stm32f10x_rcc.o(i.RCC_GetFlagStatus) for RCC_GetFlagStatus
[...]
    Removing timers.o(i.xTimerGetExpiryTime), (34 bytes).
    Removing timers.o(i.xTimerGetPeriod), (32 bytes).
    Removing timers.o(i.xTimerGetTimerDaemonTaskHandle), (48 bytes).
    Removing timers.o(i.xTimerIsTimerActive), (56 bytes).
    Removing timers.o(i.xTimerPendFunctionCall), (80 bytes).
    Removing timers.o(i.xTimerPendFunctionCallFromISR), (52 bytes).
    Removing port.o(i.vPortEndScheduler), (48 bytes).
    Removing heap_4.o(i.vPortInitialiseBlocks), (2 bytes).
    Removing heap_4.o(i.xPortGetFreeHeapSize), (12 bytes).
    Removing heap_4.o(i.xPortGetMinimumEverFreeHeapSize), (12 bytes).
    Removing cmsis_os2.o(.rev16_text), (4 bytes).
    Removing cmsis_os2.o(.revsh_text), (4 bytes).
    Removing cmsis_os2.o(.rrx_text), (6 bytes).
    Removing cmsis_os2.o(i.TimerCallback), (22 bytes).
    Removing cmsis_os2.o(i.osDelay), (56 bytes).
    Removing cmsis_os2.o(i.osDelayUntil), (64 bytes).
    Removing cmsis_os2.o(i.osEventFlagsClear), (96 bytes).
    Removing cmsis_os2.o(i.osEventFlagsDelete), (64 bytes).
    Removing cmsis_os2.o(i.osEventFlagsGet), (68 bytes).
    Removing cmsis_os2.o(i.osEventFlagsNew), (96 bytes).
    Removing cmsis_os2.o(i.osEventFlagsSet), (116 bytes).
    Removing cmsis_os2.o(i.osEventFlagsWait), (164 bytes).
    Removing cmsis_os2.o(i.osKernelGetInfo), (64 bytes).
    Removing cmsis_os2.o(i.osKernelGetState), (52 bytes).
    Removing cmsis_os2.o(i.osKernelGetSysTimerCount), (60 bytes).
    Removing cmsis_os2.o(i.osKernelGetSysTimerFreq), (12 bytes).
    Removing cmsis_os2.o(i.osKernelGetTickCount), (52 bytes).
    Removing cmsis_os2.o(i.osKernelGetTickFreq), (6 bytes).
    Removing cmsis_os2.o(i.osKernelLock), (80 bytes).
    Removing cmsis_os2.o(i.osKernelRestoreLock), (112 bytes).
    Removing cmsis_os2.o(i.osKernelUnlock), (92 bytes).
    Removing cmsis_os2.o(i.osMessageQueueDelete), (68 bytes).
    Removing cmsis_os2.o(i.osMessageQueueGet), (152 bytes).
    Removing cmsis_os2.o(i.osMessageQueueGetCapacity), (14 bytes).
    Removing cmsis_os2.o(i.osMessageQueueGetCount), (64 bytes).
    Removing cmsis_os2.o(i.osMessageQueueGetMsgSize), (14 bytes).
    Removing cmsis_os2.o(i.osMessageQueueGetSpace), (100 bytes).
    Removing cmsis_os2.o(i.osMessageQueueNew), (184 bytes).
    Removing cmsis_os2.o(i.osMessageQueuePut), (156 bytes).
    Removing cmsis_os2.o(i.osMessageQueueReset), (64 bytes).
    Removing cmsis_os2.o(i.osMutexAcquire), (124 bytes).
    Removing cmsis_os2.o(i.osMutexDelete), (72 bytes).
    Removing cmsis_os2.o(i.osMutexGetOwner), (56 bytes).
    Removing cmsis_os2.o(i.osMutexNew), (208 bytes).
    Removing cmsis_os2.o(i.osMutexRelease), (104 bytes).
    Removing cmsis_os2.o(i.osSemaphoreAcquire), (132 bytes).
    Removing cmsis_os2.o(i.osSemaphoreDelete), (68 bytes).
    Removing cmsis_os2.o(i.osSemaphoreGetCount), (64 bytes).
    Removing cmsis_os2.o(i.osSemaphoreNew), (236 bytes).
    Removing cmsis_os2.o(i.osSemaphoreRelease), (116 bytes).
    Removing cmsis_os2.o(i.osThreadEnumerate), (132 bytes).
    Removing cmsis_os2.o(i.osThreadExit), (10 bytes).
    Removing cmsis_os2.o(i.osThreadFlagsClear), (112 bytes).
    Removing cmsis_os2.o(i.osThreadFlagsGet), (72 bytes).
    Removing cmsis_os2.o(i.osThreadFlagsSet), (152 bytes).
    Removing cmsis_os2.o(i.osThreadFlagsWait), (204 bytes).
    Removing cmsis_os2.o(i.osThreadGetCount), (48 bytes).
    Removing cmsis_os2.o(i.osThreadGetId), (48 bytes).
    Removing cmsis_os2.o(i.osThreadGetName), (56 bytes).
    Removing cmsis_os2.o(i.osThreadGetPriority), (56 bytes).
    Removing cmsis_os2.o(i.osThreadGetStackSize), (6 bytes).
    Removing cmsis_os2.o(i.osThreadGetStackSpace), (56 bytes).
    Removing cmsis_os2.o(i.osThreadGetState), (96 bytes).
    Removing cmsis_os2.o(i.osThreadResume), (64 bytes).
    Removing cmsis_os2.o(i.osThreadSetPriority), (80 bytes).
    Removing cmsis_os2.o(i.osThreadSuspend), (64 bytes).
    Removing cmsis_os2.o(i.osThreadTerminate), (84 bytes).
    Removing cmsis_os2.o(i.osThreadYield), (64 bytes).
    Removing cmsis_os2.o(i.osTimerDelete), (96 bytes).
    Removing cmsis_os2.o(i.osTimerGetName), (56 bytes).
    Removing cmsis_os2.o(i.osTimerIsRunning), (56 bytes).
    Removing cmsis_os2.o(i.osTimerNew), (204 bytes).
    Removing cmsis_os2.o(i.osTimerStart), (84 bytes).
    Removing cmsis_os2.o(i.osTimerStop), (96 bytes).
    Removing freertos.o(i.BEEP_Task), (28 bytes).
    Removing freertos.o(i.LcdPrintTask), (68 bytes).
    Removing fadd.o(.text), (176 bytes).
    Removing fmul.o(.text), (100 bytes).
    Removing fdiv.o(.text), (124 bytes).
    Removing ffixui.o(.text), (40 bytes).
    Removing fepilogue.o(.text), (110 bytes).

661 unused section(s) (total 37580 bytes) removed from the image.

==============================================================================

Image Symbol Table

    Local Symbols

    Symbol Name                              Value     Ov Type        Size  Object(Section)

    ../clib/microlib/division.c              0x00000000   Number         0  uidiv.o ABSOLUTE
    ../clib/microlib/division.c              0x00000000   Number         0  uldiv.o ABSOLUTE
    ../clib/microlib/init/entry.s            0x00000000   Number         0  entry9a.o ABSOLUTE
    ../clib/microlib/init/entry.s            0x00000000   Number         0  entry9b.o ABSOLUTE
    ../clib/microlib/init/entry.s            0x00000000   Number         0  entry10a.o ABSOLUTE
    ../clib/microlib/init/entry.s            0x00000000   Number         0  entry8b.o ABSOLUTE
    ../clib/microlib/init/entry.s            0x00000000   Number         0  entry5.o ABSOLUTE
    ../clib/microlib/init/entry.s            0x00000000   Number         0  entry10b.o ABSOLUTE
    ../clib/microlib/init/entry.s            0x00000000   Number         0  entry11a.o ABSOLUTE
    ../clib/microlib/init/entry.s            0x00000000   Number         0  entry2.o ABSOLUTE
    ../clib/microlib/init/entry.s            0x00000000   Number         0  entry7a.o ABSOLUTE
    ../clib/microlib/init/entry.s            0x00000000   Number         0  entry8a.o ABSOLUTE
    ../clib/microlib/init/entry.s            0x00000000   Number         0  entry.o ABSOLUTE
    ../clib/microlib/init/entry.s            0x00000000   Number         0  entry11b.o ABSOLUTE
    ../clib/microlib/init/entry.s            0x00000000   Number         0  entry7b.o ABSOLUTE
    ../clib/microlib/longlong.c              0x00000000   Number         0  llshl.o ABSOLUTE
    ../clib/microlib/longlong.c              0x00000000   Number         0  llushr.o ABSOLUTE
    ../clib/microlib/longlong.c              0x00000000   Number         0  llsshr.o ABSOLUTE
    ../clib/microlib/printf/printf.c         0x00000000   Number         0  printfa.o ABSOLUTE
    ../clib/microlib/printf/printf.c         0x00000000   Number         0  printf3.o ABSOLUTE
    ../clib/microlib/printf/printf.c         0x00000000   Number         0  printfb.o ABSOLUTE
    ../clib/microlib/printf/printf.c         0x00000000   Number         0  printf0.o ABSOLUTE
    ../clib/microlib/printf/printf.c         0x00000000   Number         0  printf1.o ABSOLUTE
    ../clib/microlib/printf/printf.c         0x00000000   Number         0  printf2.o ABSOLUTE
    ../clib/microlib/printf/printf.c         0x00000000   Number         0  printf4.o ABSOLUTE
    ../clib/microlib/printf/printf.c         0x00000000   Number         0  printf5.o ABSOLUTE
    ../clib/microlib/printf/printf.c         0x00000000   Number         0  printf8.o ABSOLUTE
    ../clib/microlib/printf/printf.c         0x00000000   Number         0  printf6.o ABSOLUTE
    ../clib/microlib/printf/printf.c         0x00000000   Number         0  printf7.o ABSOLUTE
    ../clib/microlib/printf/stubs.s          0x00000000   Number         0  stubs.o ABSOLUTE
    ../clib/microlib/stdio/streams.c         0x00000000   Number         0  stdout.o ABSOLUTE
    ../clib/microlib/string/memcpy.c         0x00000000   Number         0  memcpyb.o ABSOLUTE
    ../clib/microlib/string/memcpy.c         0x00000000   Number         0  memcpya.o ABSOLUTE
    ../clib/microlib/string/memset.c         0x00000000   Number         0  memset.o ABSOLUTE
    ../clib/microlib/string/memset.c         0x00000000   Number         0  memseta.o ABSOLUTE
    ../clib/microlib/stubs.s                 0x00000000   Number         0  iusefp.o ABSOLUTE
    ../fplib/microlib/fpadd.c                0x00000000   Number         0  fadd.o ABSOLUTE
    ../fplib/microlib/fpadd.c                0x00000000   Number         0  dadd.o ABSOLUTE
    ../fplib/microlib/fpdiv.c                0x00000000   Number         0  ddiv.o ABSOLUTE
    ../fplib/microlib/fpdiv.c                0x00000000   Number         0  fdiv.o ABSOLUTE
    ../fplib/microlib/fpepilogue.c           0x00000000   Number         0  depilogue.o ABSOLUTE
    ../fplib/microlib/fpepilogue.c           0x00000000   Number         0  fepilogue.o ABSOLUTE
    ../fplib/microlib/fpfix.c                0x00000000   Number         0  dfixul.o ABSOLUTE
    ../fplib/microlib/fpfix.c                0x00000000   Number         0  ffixui.o ABSOLUTE
    ../fplib/microlib/fpmul.c                0x00000000   Number         0  fmul.o ABSOLUTE
    ../fplib/microlib/fpmul.c                0x00000000   Number         0  dmul.o ABSOLUTE
    FreeRTOS\CMSIS_RTOS_V2\cmsis_os2.c       0x00000000   Number         0  cmsis_os2.o ABSOLUTE
    FreeRTOS\\CMSIS_RTOS_V2\\cmsis_os2.c     0x00000000   Number         0  cmsis_os2.o ABSOLUTE
    FreeRTOS\\portable\\RVDS\\ARM_CM3\\port.c 0x00000000   Number         0  port.o ABSOLUTE
    FreeRTOS\croutine.c                      0x00000000   Number         0  croutine.o ABSOLUTE
    FreeRTOS\event_groups.c                  0x00000000   Number         0  event_groups.o ABSOLUTE
    FreeRTOS\freertos.c                      0x00000000   Number         0  freertos.o ABSOLUTE
    FreeRTOS\list.c                          0x00000000   Number         0  list.o ABSOLUTE
    FreeRTOS\portable\MemMang\heap_4.c       0x00000000   Number         0  heap_4.o ABSOLUTE
    FreeRTOS\portable\RVDS\ARM_CM3\port.c    0x00000000   Number         0  port.o ABSOLUTE
    FreeRTOS\queue.c                         0x00000000   Number         0  queue.o ABSOLUTE
    FreeRTOS\stream_buffer.c                 0x00000000   Number         0  stream_buffer.o ABSOLUTE
    FreeRTOS\tasks.c                         0x00000000   Number         0  tasks.o ABSOLUTE
    FreeRTOS\timers.c                        0x00000000   Number         0  timers.o ABSOLUTE
    Hardware\BEEP\BEEP.c                     0x00000000   Number         0  beep.o ABSOLUTE
    Hardware\ESP8266\ESP8266.c               0x00000000   Number         0  esp8266.o ABSOLUTE
    Hardware\LED\LED.c                       0x00000000   Number         0  led.o ABSOLUTE
    Hardware\OLED\OLED.c                     0x00000000   Number         0  oled.o ABSOLUTE
    Hardware\Serial\Serial.c                 0x00000000   Number         0  serial.o ABSOLUTE
    Hardware\Servo\Servo.c                   0x00000000   Number         0  servo.o ABSOLUTE
    Library\misc.c                           0x00000000   Number         0  misc.o ABSOLUTE
    Library\stm32f10x_adc.c                  0x00000000   Number         0  stm32f10x_adc.o ABSOLUTE
    Library\stm32f10x_bkp.c                  0x00000000   Number         0  stm32f10x_bkp.o ABSOLUTE
    Library\stm32f10x_can.c                  0x00000000   Number         0  stm32f10x_can.o ABSOLUTE
    Library\stm32f10x_cec.c                  0x00000000   Number         0  stm32f10x_cec.o ABSOLUTE
    Library\stm32f10x_crc.c                  0x00000000   Number         0  stm32f10x_crc.o ABSOLUTE
    Library\stm32f10x_dac.c                  0x00000000   Number         0  stm32f10x_dac.o ABSOLUTE
    Library\stm32f10x_dbgmcu.c               0x00000000   Number         0  stm32f10x_dbgmcu.o ABSOLUTE
    Library\stm32f10x_dma.c                  0x00000000   Number         0  stm32f10x_dma.o ABSOLUTE
    Library\stm32f10x_exti.c                 0x00000000   Number         0  stm32f10x_exti.o ABSOLUTE
    Library\stm32f10x_flash.c                0x00000000   Number         0  stm32f10x_flash.o ABSOLUTE
    Library\stm32f10x_fsmc.c                 0x00000000   Number         0  stm32f10x_fsmc.o ABSOLUTE
    Library\stm32f10x_gpio.c                 0x00000000   Number         0  stm32f10x_gpio.o ABSOLUTE
    Library\stm32f10x_i2c.c                  0x00000000   Number         0  stm32f10x_i2c.o ABSOLUTE
    Library\stm32f10x_iwdg.c                 0x00000000   Number         0  stm32f10x_iwdg.o ABSOLUTE
    Library\stm32f10x_pwr.c                  0x00000000   Number         0  stm32f10x_pwr.o ABSOLUTE
    Library\stm32f10x_rcc.c                  0x00000000   Number         0  stm32f10x_rcc.o ABSOLUTE
    Library\stm32f10x_rtc.c                  0x00000000   Number         0  stm32f10x_rtc.o ABSOLUTE
    Library\stm32f10x_sdio.c                 0x00000000   Number         0  stm32f10x_sdio.o ABSOLUTE
    Library\stm32f10x_spi.c                  0x00000000   Number         0  stm32f10x_spi.o ABSOLUTE
    Library\stm32f10x_tim.c                  0x00000000   Number         0  stm32f10x_tim.o ABSOLUTE
    Library\stm32f10x_usart.c                0x00000000   Number         0  stm32f10x_usart.o ABSOLUTE
    Library\stm32f10x_wwdg.c                 0x00000000   Number         0  stm32f10x_wwdg.o ABSOLUTE
    Start\\core_cm3.c                        0x00000000   Number         0  core_cm3.o ABSOLUTE
    Start\core_cm3.c                         0x00000000   Number         0  core_cm3.o ABSOLUTE
    Start\startup_stm32f10x_md.s             0x00000000   Number         0  startup_stm32f10x_md.o ABSOLUTE
    Start\system_stm32f10x.c                 0x00000000   Number         0  system_stm32f10x.o ABSOLUTE
    User\main.c                              0x00000000   Number         0  main.o ABSOLUTE
    User\stm32f10x_it.c                      0x00000000   Number         0  stm32f10x_it.o ABSOLUTE
    cdrcmple.s                               0x00000000   Number         0  cdrcmple.o ABSOLUTE
    dc.s                                     0x00000000   Number         0  dc.o ABSOLUTE
    handlers.s                               0x00000000   Number         0  handlers.o ABSOLUTE
    init.s                                   0x00000000   Number         0  init.o ABSOLUTE
    RESET                                    0x08000000   Section      236  startup_stm32f10x_md.o(RESET)
    .ARM.Collect$$$$00000000                 0x080000ec   Section        0  entry.o(.ARM.Collect$$$$00000000)
    .ARM.Collect$$$$00000001                 0x080000ec   Section        4  entry2.o(.ARM.Collect$$$$00000001)
    .ARM.Collect$$$$00000004                 0x080000f0   Section        4  entry5.o(.ARM.Collect$$$$00000004)
    .ARM.Collect$$$$00000008                 0x080000f4   Section        0  entry7b.o(.ARM.Collect$$$$00000008)
    .ARM.Collect$$$$0000000A                 0x080000f4   Section        0  entry8b.o(.ARM.Collect$$$$0000000A)
    .ARM.Collect$$$$0000000B                 0x080000f4   Section        8  entry9a.o(.ARM.Collect$$$$0000000B)
    .ARM.Collect$$$$0000000D                 0x080000fc   Section        0  entry10a.o(.ARM.Collect$$$$0000000D)
    .ARM.Collect$$$$0000000F                 0x080000fc   Section        0  entry11a.o(.ARM.Collect$$$$0000000F)
    .ARM.Collect$$$$00002712                 0x080000fc   Section        4  entry2.o(.ARM.Collect$$$$00002712)
    __lit__00000000                          0x080000fc   Data           4  entry2.o(.ARM.Collect$$$$00002712)
    .emb_text                                0x08000100   Section      150  port.o(.emb_text)
    .text                                    0x08000198   Section       36  startup_stm32f10x_md.o(.text)
    .text                                    0x080001bc   Section        0  memcpya.o(.text)
    .text                                    0x080001e0   Section        0  memseta.o(.text)
    .text                                    0x08000204   Section        0  uidiv.o(.text)
    .text                                    0x08000230   Section        0  uldiv.o(.text)
    .text                                    0x08000292   Section        0  dadd.o(.text)
    .text                                    0x08000292   Section        0  iusefp.o(.text)
    .text                                    0x080003e0   Section        0  dmul.o(.text)
    .text                                    0x080004c4   Section        0  ddiv.o(.text)
    .text                                    0x080005a2   Section        0  dfixul.o(.text)
    .text                                    0x080005d4   Section       48  cdrcmple.o(.text)
    .text                                    0x08000604   Section       36  init.o(.text)
    .text                                    0x08000628   Section        0  llshl.o(.text)
    .text                                    0x08000646   Section        0  llushr.o(.text)
    .text                                    0x08000666   Section        0  llsshr.o(.text)
    .text                                    0x0800068a   Section        0  depilogue.o(.text)
    i.BEEP_Init                              0x08000744   Section        0  beep.o(i.BEEP_Init)
    i.BusFault_Handler                       0x08000778   Section        0  stm32f10x_it.o(i.BusFault_Handler)
    i.DRIVE_Init                             0x0800077c   Section        0  main.o(i.DRIVE_Init)
    i.DebugMon_Handler                       0x08000798   Section        0  stm32f10x_it.o(i.DebugMon_Handler)
    i.ESP8266_Delay                          0x0800079a   Section        0  esp8266.o(i.ESP8266_Delay)
    ESP8266_Delay                            0x0800079b   Thumb Code    32  esp8266.o(i.ESP8266_Delay)
    i.ESP8266_Init                           0x080007bc   Section        0  esp8266.o(i.ESP8266_Init)
    i.ESP8266_Printf                         0x080008d0   Section        0  esp8266.o(i.ESP8266_Printf)
    i.ESP8266_Send                           0x080008f4   Section        0  esp8266.o(i.ESP8266_Send)
    i.ESP8266_SendByte                       0x08000938   Section        0  esp8266.o(i.ESP8266_SendByte)
    ESP8266_SendByte                         0x08000939   Thumb Code    28  esp8266.o(i.ESP8266_SendByte)
    i.ESP8266_SendString                     0x08000958   Section        0  esp8266.o(i.ESP8266_SendString)
    ESP8266_SendString                       0x08000959   Thumb Code    26  esp8266.o(i.ESP8266_SendString)
    i.GPIO_Init                              0x08000972   Section        0  stm32f10x_gpio.o(i.GPIO_Init)
    i.GPIO_ReadOutputDataBit                 0x08000a88   Section        0  stm32f10x_gpio.o(i.GPIO_ReadOutputDataBit)
    i.GPIO_ResetBits                         0x08000a9a   Section        0  stm32f10x_gpio.o(i.GPIO_ResetBits)
    i.GPIO_SetBits                           0x08000a9e   Section        0  stm32f10x_gpio.o(i.GPIO_SetBits)
    i.GPIO_WriteBit                          0x08000aa2   Section        0  stm32f10x_gpio.o(i.GPIO_WriteBit)
    i.HardFault_Handler                      0x08000aac   Section        0  stm32f10x_it.o(i.HardFault_Handler)
    i.LED_Init                               0x08000ab0   Section        0  led.o(i.LED_Init)
    i.LED_Turn                               0x08000ae4   Section        0  led.o(i.LED_Turn)
    i.MX_FREERTOS_Init                       0x08000b0c   Section        0  freertos.o(i.MX_FREERTOS_Init)
    i.MemManage_Handler                      0x08000b2c   Section        0  stm32f10x_it.o(i.MemManage_Handler)
    i.NMI_Handler                            0x08000b30   Section        0  stm32f10x_it.o(i.NMI_Handler)
    i.NVIC_Init                              0x08000b34   Section        0  misc.o(i.NVIC_Init)
    i.NVIC_PriorityGroupConfig               0x08000ba4   Section        0  misc.o(i.NVIC_PriorityGroupConfig)
    i.OLED_Clear                             0x08000bb8   Section        0  oled.o(i.OLED_Clear)
    i.OLED_I2C_Init                          0x08000be4   Section        0  oled.o(i.OLED_I2C_Init)
    i.OLED_I2C_SendByte                      0x08000c30   Section        0  oled.o(i.OLED_I2C_SendByte)
    i.OLED_I2C_Start                         0x08000c80   Section        0  oled.o(i.OLED_I2C_Start)
    i.OLED_I2C_Stop                          0x08000cb0   Section        0  oled.o(i.OLED_I2C_Stop)
    i.OLED_Init                              0x08000cd8   Section        0  oled.o(i.OLED_Init)
    i.OLED_SetCursor                         0x08000d86   Section        0  oled.o(i.OLED_SetCursor)
    i.OLED_WriteCommand                      0x08000da8   Section        0  oled.o(i.OLED_WriteCommand)
    i.OLED_WriteData                         0x08000dc8   Section        0  oled.o(i.OLED_WriteData)
    i.RCC_APB1PeriphClockCmd                 0x08000de8   Section        0  stm32f10x_rcc.o(i.RCC_APB1PeriphClockCmd)
    i.RCC_APB2PeriphClockCmd                 0x08000e08   Section        0  stm32f10x_rcc.o(i.RCC_APB2PeriphClockCmd)
    i.RCC_GetClocksFreq                      0x08000e28   Section        0  stm32f10x_rcc.o(i.RCC_GetClocksFreq)
    i.Serial_Init                            0x08000efc   Section        0  serial.o(i.Serial_Init)
    i.Serial_NVIC_Init                       0x08000f94   Section        0  serial.o(i.Serial_NVIC_Init)
    i.Serial_SendByte                        0x08000fb4   Section        0  serial.o(i.Serial_SendByte)
    i.Servo_Init                             0x08000fd4   Section        0  servo.o(i.Servo_Init)
    i.Servo_Timer_Init                       0x08000fdc   Section        0  servo.o(i.Servo_Timer_Init)
    i.SetSysClock                            0x0800106c   Section        0  system_stm32f10x.o(i.SetSysClock)
    SetSysClock                              0x0800106d   Thumb Code     8  system_stm32f10x.o(i.SetSysClock)
    i.SetSysClockTo72                        0x08001074   Section        0  system_stm32f10x.o(i.SetSysClockTo72)
    SetSysClockTo72                          0x08001075   Thumb Code   214  system_stm32f10x.o(i.SetSysClockTo72)
    i.StartDefaultTask                       0x08001154   Section        0  freertos.o(i.StartDefaultTask)
    i.SysTick_Handler                        0x08001178   Section        0  port.o(i.SysTick_Handler)
    i.SystemInit                             0x080011ac   Section        0  system_stm32f10x.o(i.SystemInit)
    i.TIM_Cmd                                0x0800120c   Section        0  stm32f10x_tim.o(i.TIM_Cmd)
    i.TIM_OC2Init                            0x08001224   Section        0  stm32f10x_tim.o(i.TIM_OC2Init)
    i.TIM_OCStructInit                       0x080012c8   Section        0  stm32f10x_tim.o(i.TIM_OCStructInit)
    i.TIM_TimeBaseInit                       0x080012dc   Section        0  stm32f10x_tim.o(i.TIM_TimeBaseInit)
    i.USART1_IRQHandler                      0x08001380   Section        0  serial.o(i.USART1_IRQHandler)
    i.USART_ClearITPendingBit                0x080013b8   Section        0  stm32f10x_usart.o(i.USART_ClearITPendingBit)
    i.USART_Cmd                              0x080013d6   Section        0  stm32f10x_usart.o(i.USART_Cmd)
    i.USART_GetFlagStatus                    0x080013ee   Section        0  stm32f10x_usart.o(i.USART_GetFlagStatus)
    i.USART_GetITStatus                      0x08001408   Section        0  stm32f10x_usart.o(i.USART_GetITStatus)
    i.USART_ITConfig                         0x0800145c   Section        0  stm32f10x_usart.o(i.USART_ITConfig)
    i.USART_Init                             0x080014a8   Section        0  stm32f10x_usart.o(i.USART_Init)
    i.USART_NVIC_Init                        0x08001580   Section        0  esp8266.o(i.USART_NVIC_Init)
    i.USART_ReceiveData                      0x080015a2   Section        0  stm32f10x_usart.o(i.USART_ReceiveData)
    i.USART_SendData                         0x080015ac   Section        0  stm32f10x_usart.o(i.USART_SendData)
    i.USRT_Init                              0x080015b4   Section        0  esp8266.o(i.USRT_Init)
    i.UsageFault_Handler                     0x08001644   Section        0  stm32f10x_it.o(i.UsageFault_Handler)
    i.__0printf                              0x08001648   Section        0  printfa.o(i.__0printf)
    i.__0vsprintf                            0x08001668   Section        0  printfa.o(i.__0vsprintf)
    i.__get_BASEPRI                          0x0800168c   Section        0  cmsis_os2.o(i.__get_BASEPRI)
    __get_BASEPRI                            0x0800168d   Thumb Code     6  cmsis_os2.o(i.__get_BASEPRI)
    i.__get_IPSR                             0x08001692   Section        0  cmsis_os2.o(i.__get_IPSR)
    __get_IPSR                               0x08001693   Thumb Code     6  cmsis_os2.o(i.__get_IPSR)
    i.__get_PRIMASK                          0x08001698   Section        0  cmsis_os2.o(i.__get_PRIMASK)
    __get_PRIMASK                            0x08001699   Thumb Code     6  cmsis_os2.o(i.__get_PRIMASK)
    i.__scatterload_copy                     0x0800169e   Section       14  handlers.o(i.__scatterload_copy)
    i.__scatterload_null                     0x080016ac   Section        2  handlers.o(i.__scatterload_null)
    i.__scatterload_zeroinit                 0x080016ae   Section       14  handlers.o(i.__scatterload_zeroinit)
    i._fp_digits                             0x080016bc   Section        0  printfa.o(i._fp_digits)
    _fp_digits                               0x080016bd   Thumb Code   366  printfa.o(i._fp_digits)
    i._printf_core                           0x08001840   Section        0  printfa.o(i._printf_core)
    _printf_core                             0x08001841   Thumb Code  1744  printfa.o(i._printf_core)
    i._printf_post_padding                   0x08001f1c   Section        0  printfa.o(i._printf_post_padding)
    _printf_post_padding                     0x08001f1d   Thumb Code    36  printfa.o(i._printf_post_padding)
    i._printf_pre_padding                    0x08001f40   Section        0  printfa.o(i._printf_pre_padding)
    _printf_pre_padding                      0x08001f41   Thumb Code    46  printfa.o(i._printf_pre_padding)
    i._sputc                                 0x08001f6e   Section        0  printfa.o(i._sputc)
    _sputc                                   0x08001f6f   Thumb Code    10  printfa.o(i._sputc)
    i.fputc                                  0x08001f78   Section        0  serial.o(i.fputc)
    i.main                                   0x08001f88   Section        0  main.o(i.main)
    i.osKernelInitialize                     0x08001fa4   Section        0  cmsis_os2.o(i.osKernelInitialize)
    i.osKernelStart                          0x08001fe4   Section        0  cmsis_os2.o(i.osKernelStart)
    i.osThreadNew                            0x08002028   Section        0  cmsis_os2.o(i.osThreadNew)
    i.prvAddCurrentTaskToDelayedList         0x08002104   Section        0  tasks.o(i.prvAddCurrentTaskToDelayedList)
    prvAddCurrentTaskToDelayedList           0x08002105   Thumb Code   100  tasks.o(i.prvAddCurrentTaskToDelayedList)
    i.prvAddNewTaskToReadyList               0x08002180   Section        0  tasks.o(i.prvAddNewTaskToReadyList)
    prvAddNewTaskToReadyList                 0x08002181   Thumb Code   154  tasks.o(i.prvAddNewTaskToReadyList)
    i.prvCheckForValidListAndQueue           0x08002238   Section        0  timers.o(i.prvCheckForValidListAndQueue)
    prvCheckForValidListAndQueue             0x08002239   Thumb Code    78  timers.o(i.prvCheckForValidListAndQueue)
    i.prvCheckTasksWaitingTermination        0x080022ac   Section        0  tasks.o(i.prvCheckTasksWaitingTermination)
    prvCheckTasksWaitingTermination          0x080022ad   Thumb Code    60  tasks.o(i.prvCheckTasksWaitingTermination)
    i.prvCopyDataFromQueue                   0x080022f4   Section        0  queue.o(i.prvCopyDataFromQueue)
    prvCopyDataFromQueue                     0x080022f5   Thumb Code    42  queue.o(i.prvCopyDataFromQueue)
    i.prvCopyDataToQueue                     0x0800231e   Section        0  queue.o(i.prvCopyDataToQueue)
    prvCopyDataToQueue                       0x0800231f   Thumb Code   124  queue.o(i.prvCopyDataToQueue)
    i.prvDeleteTCB                           0x0800239a   Section        0  tasks.o(i.prvDeleteTCB)
    prvDeleteTCB                             0x0800239b   Thumb Code    80  tasks.o(i.prvDeleteTCB)
    i.prvGetNextExpireTime                   0x080023ec   Section        0  timers.o(i.prvGetNextExpireTime)
    prvGetNextExpireTime                     0x080023ed   Thumb Code    36  timers.o(i.prvGetNextExpireTime)
    i.prvHeapInit                            0x08002414   Section        0  heap_4.o(i.prvHeapInit)
    prvHeapInit                              0x08002415   Thumb Code    98  heap_4.o(i.prvHeapInit)
    i.prvIdleTask                            0x08002490   Section        0  tasks.o(i.prvIdleTask)
    prvIdleTask                              0x08002491   Thumb Code    32  tasks.o(i.prvIdleTask)
    i.prvInitialiseNewQueue                  0x080024b8   Section        0  queue.o(i.prvInitialiseNewQueue)
    prvInitialiseNewQueue                    0x080024b9   Thumb Code    42  queue.o(i.prvInitialiseNewQueue)
    i.prvInitialiseNewTask                   0x080024e2   Section        0  tasks.o(i.prvInitialiseNewTask)
    prvInitialiseNewTask                     0x080024e3   Thumb Code   180  tasks.o(i.prvInitialiseNewTask)
    i.prvInitialiseTaskLists                 0x08002598   Section        0  tasks.o(i.prvInitialiseTaskLists)
    prvInitialiseTaskLists                   0x08002599   Thumb Code    70  tasks.o(i.prvInitialiseTaskLists)
    i.prvInsertBlockIntoFreeList             0x08002600   Section        0  heap_4.o(i.prvInsertBlockIntoFreeList)
    prvInsertBlockIntoFreeList               0x08002601   Thumb Code    96  heap_4.o(i.prvInsertBlockIntoFreeList)
    i.prvInsertTimerInActiveList             0x08002668   Section        0  timers.o(i.prvInsertTimerInActiveList)
    prvInsertTimerInActiveList               0x08002669   Thumb Code    80  timers.o(i.prvInsertTimerInActiveList)
    i.prvIsQueueEmpty                        0x080026c0   Section        0  queue.o(i.prvIsQueueEmpty)
    prvIsQueueEmpty                          0x080026c1   Thumb Code    26  queue.o(i.prvIsQueueEmpty)
    i.prvIsQueueFull                         0x080026da   Section        0  queue.o(i.prvIsQueueFull)
    prvIsQueueFull                           0x080026db   Thumb Code    30  queue.o(i.prvIsQueueFull)
    i.prvProcessExpiredTimer                 0x080026f8   Section        0  timers.o(i.prvProcessExpiredTimer)
    prvProcessExpiredTimer                   0x080026f9   Thumb Code    94  timers.o(i.prvProcessExpiredTimer)
    i.prvProcessReceivedCommands             0x0800275c   Section        0  timers.o(i.prvProcessReceivedCommands)
    prvProcessReceivedCommands               0x0800275d   Thumb Code   290  timers.o(i.prvProcessReceivedCommands)
    i.prvProcessTimerOrBlockTask             0x08002884   Section        0  timers.o(i.prvProcessTimerOrBlockTask)
    prvProcessTimerOrBlockTask               0x08002885   Thumb Code   102  timers.o(i.prvProcessTimerOrBlockTask)
    i.prvResetNextTaskUnblockTime            0x080028f8   Section        0  tasks.o(i.prvResetNextTaskUnblockTime)
    prvResetNextTaskUnblockTime              0x080028f9   Thumb Code    42  tasks.o(i.prvResetNextTaskUnblockTime)
    i.prvSampleTimeNow                       0x0800292c   Section        0  timers.o(i.prvSampleTimeNow)
    prvSampleTimeNow                         0x0800292d   Thumb Code    40  timers.o(i.prvSampleTimeNow)
    i.prvSwitchTimerLists                    0x08002958   Section        0  timers.o(i.prvSwitchTimerLists)
    prvSwitchTimerLists                      0x08002959   Thumb Code   150  timers.o(i.prvSwitchTimerLists)
    i.prvTaskExitError                       0x080029f8   Section        0  port.o(i.prvTaskExitError)
    prvTaskExitError                         0x080029f9   Thumb Code    60  port.o(i.prvTaskExitError)
    i.prvTimerTask                           0x08002a38   Section        0  timers.o(i.prvTimerTask)
    prvTimerTask                             0x08002a39   Thumb Code    26  timers.o(i.prvTimerTask)
    i.prvUnlockQueue                         0x08002a52   Section        0  queue.o(i.prvUnlockQueue)
    prvUnlockQueue                           0x08002a53   Thumb Code   126  queue.o(i.prvUnlockQueue)
    i.pvPortMalloc                           0x08002ad0   Section        0  heap_4.o(i.pvPortMalloc)
    i.pxPortInitialiseStack                  0x08002c0c   Section        0  port.o(i.pxPortInitialiseStack)
    i.uxListRemove                           0x08002c30   Section        0  list.o(i.uxListRemove)
    i.vApplicationGetIdleTaskMemory          0x08002c58   Section        0  cmsis_os2.o(i.vApplicationGetIdleTaskMemory)
    i.vApplicationGetTimerTaskMemory         0x08002c70   Section        0  cmsis_os2.o(i.vApplicationGetTimerTaskMemory)
    i.vListInitialise                        0x08002c88   Section        0  list.o(i.vListInitialise)
    i.vListInitialiseItem                    0x08002ca2   Section        0  list.o(i.vListInitialiseItem)
    i.vListInsert                            0x08002ca8   Section        0  list.o(i.vListInsert)
    i.vListInsertEnd                         0x08002cdc   Section        0  list.o(i.vListInsertEnd)
    i.vPortEnterCritical                     0x08002cf4   Section        0  port.o(i.vPortEnterCritical)
    i.vPortExitCritical                      0x08002d48   Section        0  port.o(i.vPortExitCritical)
    i.vPortFree                              0x08002d84   Section        0  heap_4.o(i.vPortFree)
    i.vPortSetupTimerInterrupt               0x08002e18   Section        0  port.o(i.vPortSetupTimerInterrupt)
    i.vPortValidateInterruptPriority         0x08002e40   Section        0  port.o(i.vPortValidateInterruptPriority)
    i.vQueueAddToRegistry                    0x08002eb8   Section        0  queue.o(i.vQueueAddToRegistry)
    i.vQueueWaitForMessageRestricted         0x08002ee4   Section        0  queue.o(i.vQueueWaitForMessageRestricted)
    i.vTaskDelay                             0x08002f30   Section        0  tasks.o(i.vTaskDelay)
    i.vTaskInternalSetTimeOutState           0x08002f8c   Section        0  tasks.o(i.vTaskInternalSetTimeOutState)
    i.vTaskMissedYield                       0x08002fa4   Section        0  tasks.o(i.vTaskMissedYield)
    i.vTaskPlaceOnEventList                  0x08002fb0   Section        0  tasks.o(i.vTaskPlaceOnEventList)
    i.vTaskPlaceOnEventListRestricted        0x08002fe8   Section        0  tasks.o(i.vTaskPlaceOnEventListRestricted)
    i.vTaskStartScheduler                    0x08003028   Section        0  tasks.o(i.vTaskStartScheduler)
    i.vTaskSuspendAll                        0x080030e0   Section        0  tasks.o(i.vTaskSuspendAll)
    i.vTaskSwitchContext                     0x080030f0   Section        0  tasks.o(i.vTaskSwitchContext)
    i.xPortStartScheduler                    0x08003180   Section        0  port.o(i.xPortStartScheduler)
    i.xQueueGenericCreateStatic              0x08003278   Section        0  queue.o(i.xQueueGenericCreateStatic)
    i.xQueueGenericReset                     0x08003358   Section        0  queue.o(i.xQueueGenericReset)
    i.xQueueGenericSend                      0x080033f0   Section        0  queue.o(i.xQueueGenericSend)
    i.xQueueGenericSendFromISR               0x08003598   Section        0  queue.o(i.xQueueGenericSendFromISR)
    i.xQueueReceive                          0x08003690   Section        0  queue.o(i.xQueueReceive)
    i.xTaskCheckForTimeOut                   0x080037f8   Section        0  tasks.o(i.xTaskCheckForTimeOut)
    i.xTaskCreate                            0x08003884   Section        0  tasks.o(i.xTaskCreate)
    i.xTaskCreateStatic                      0x080038e8   Section        0  tasks.o(i.xTaskCreateStatic)
    i.xTaskGetSchedulerState                 0x080039a0   Section        0  tasks.o(i.xTaskGetSchedulerState)
    i.xTaskGetTickCount                      0x080039c0   Section        0  tasks.o(i.xTaskGetTickCount)
    i.xTaskIncrementTick                     0x080039cc   Section        0  tasks.o(i.xTaskIncrementTick)
    i.xTaskPriorityDisinherit                0x08003b10   Section        0  tasks.o(i.xTaskPriorityDisinherit)
    i.xTaskRemoveFromEventList               0x08003bb4   Section        0  tasks.o(i.xTaskRemoveFromEventList)
    i.xTaskResumeAll                         0x08003c4c   Section        0  tasks.o(i.xTaskResumeAll)
    i.xTimerCreateTimerTask                  0x08003d50   Section        0  timers.o(i.xTimerCreateTimerTask)
    i.xTimerGenericCommand                   0x08003dc8   Section        0  timers.o(i.xTimerGenericCommand)
    .constdata                               0x08003e4c   Section       36  freertos.o(.constdata)
    .conststring                             0x08003e70   Section       12  freertos.o(.conststring)
    .data                                    0x20000000   Section       20  system_stm32f10x.o(.data)
    .data                                    0x20000014   Section       20  stm32f10x_rcc.o(.data)
    APBAHBPrescTable                         0x20000014   Data          16  stm32f10x_rcc.o(.data)
    ADCPrescTable                            0x20000024   Data           4  stm32f10x_rcc.o(.data)
    .data                                    0x20000028   Section        2  serial.o(.data)
    .data                                    0x2000002c   Section       60  tasks.o(.data)
    pxDelayedTaskList                        0x20000030   Data           4  tasks.o(.data)
    pxOverflowDelayedTaskList                0x20000034   Data           4  tasks.o(.data)
    uxDeletedTasksWaitingCleanUp             0x20000038   Data           4  tasks.o(.data)
    uxCurrentNumberOfTasks                   0x2000003c   Data           4  tasks.o(.data)
    xTickCount                               0x20000040   Data           4  tasks.o(.data)
    uxTopReadyPriority                       0x20000044   Data           4  tasks.o(.data)
    xSchedulerRunning                        0x20000048   Data           4  tasks.o(.data)
    uxPendedTicks                            0x2000004c   Data           4  tasks.o(.data)
    xYieldPending                            0x20000050   Data           4  tasks.o(.data)
    xNumOfOverflows                          0x20000054   Data           4  tasks.o(.data)
    uxTaskNumber                             0x20000058   Data           4  tasks.o(.data)
    xNextTaskUnblockTime                     0x2000005c   Data           4  tasks.o(.data)
    xIdleTaskHandle                          0x20000060   Data           4  tasks.o(.data)
    uxSchedulerSuspended                     0x20000064   Data           4  tasks.o(.data)
    .data                                    0x20000068   Section       20  timers.o(.data)
    pxCurrentTimerList                       0x20000068   Data           4  timers.o(.data)
    pxOverflowTimerList                      0x2000006c   Data           4  timers.o(.data)
    xTimerQueue                              0x20000070   Data           4  timers.o(.data)
    xTimerTaskHandle                         0x20000074   Data           4  timers.o(.data)
    xLastTime                                0x20000078   Data           4  timers.o(.data)
    .data                                    0x2000007c   Section       12  port.o(.data)
    uxCriticalNesting                        0x2000007c   Data           4  port.o(.data)
    ucMaxSysCallPriority                     0x20000080   Data           1  port.o(.data)
    ulMaxPRIGROUPValue                       0x20000084   Data           4  port.o(.data)
    .data                                    0x20000088   Section       24  heap_4.o(.data)
    xStart                                   0x20000088   Data           8  heap_4.o(.data)
    pxEnd                                    0x20000090   Data           4  heap_4.o(.data)
    xFreeBytesRemaining                      0x20000094   Data           4  heap_4.o(.data)
    xMinimumEverFreeBytesRemaining           0x20000098   Data           4  heap_4.o(.data)
    xBlockAllocatedBit                       0x2000009c   Data           4  heap_4.o(.data)
    .data                                    0x200000a0   Section        4  cmsis_os2.o(.data)
    KernelState                              0x200000a0   Data           4  cmsis_os2.o(.data)
    .data                                    0x200000a4   Section       64  freertos.o(.data)
    task1Info                                0x200000a8   Data          18  freertos.o(.data)
    task2Info                                0x200000ba   Data          18  freertos.o(.data)
    task3Info                                0x200000cc   Data          18  freertos.o(.data)
    g_Lcduse                                 0x200000e0   Data           4  freertos.o(.data)
    .data                                    0x200000e4   Section        4  stdout.o(.data)
    .bss                                     0x200000e8   Section       64  queue.o(.bss)
    .bss                                     0x20000128   Section     1220  tasks.o(.bss)
    pxReadyTasksLists                        0x20000128   Data        1120  tasks.o(.bss)
    xDelayedTaskList1                        0x20000588   Data          20  tasks.o(.bss)
    xDelayedTaskList2                        0x2000059c   Data          20  tasks.o(.bss)
    xPendingReadyList                        0x200005b0   Data          20  tasks.o(.bss)
    xTasksWaitingTermination                 0x200005c4   Data          20  tasks.o(.bss)
    xSuspendedTaskList                       0x200005d8   Data          20  tasks.o(.bss)
    .bss                                     0x200005ec   Section      280  timers.o(.bss)
    xActiveTimerList1                        0x200005ec   Data          20  timers.o(.bss)
    xActiveTimerList2                        0x20000600   Data          20  timers.o(.bss)
    xStaticTimerQueue                        0x20000614   Data          80  timers.o(.bss)
    ucStaticTimerQueueStorage                0x20000664   Data         160  timers.o(.bss)
    .bss                                     0x20000704   Section     3072  heap_4.o(.bss)
    ucHeap                                   0x20000704   Data        3072  heap_4.o(.bss)
    .bss                                     0x20001304   Section     1720  cmsis_os2.o(.bss)
    Idle_TCB                                 0x20001304   Data          92  cmsis_os2.o(.bss)
    Idle_Stack                               0x20001360   Data         512  cmsis_os2.o(.bss)
    Timer_TCB                                0x20001560   Data          92  cmsis_os2.o(.bss)
    Timer_Stack                              0x200015bc   Data        1024  cmsis_os2.o(.bss)
    STACK                                    0x200019c0   Section     1024  startup_stm32f10x_md.o(STACK)

    Global Symbols

    Symbol Name                              Value     Ov Type        Size  Object(Section)

    BuildAttributes$$THM_ISAv4$P$D$K$B$S$PE$A:L22UL41UL21$X:L11$S22US41US21$IEEE1$IW$USESV6$~STKCKD$USESV7$~SHL$OTIME$ROPI$EBA8$MICROLIB$REQ8$PRES8$EABIv2 0x00000000   Number         0  anon$$obj.o ABSOLUTE
    __ARM_use_no_argv                        0x00000000   Number         0  main.o ABSOLUTE
    _printf_a                                0x00000000   Number         0  stubs.o ABSOLUTE
    _printf_c                                0x00000000   Number         0  stubs.o ABSOLUTE
    _printf_charcount                        0x00000000   Number         0  stubs.o ABSOLUTE
    _printf_d                                0x00000000   Number         0  stubs.o ABSOLUTE
    _printf_e                                0x00000000   Number         0  stubs.o ABSOLUTE
    _printf_f                                0x00000000   Number         0  stubs.o ABSOLUTE
    _printf_flags                            0x00000000   Number         0  stubs.o ABSOLUTE
    _printf_fp_dec                           0x00000000   Number         0  stubs.o ABSOLUTE
    _printf_fp_hex                           0x00000000   Number         0  stubs.o ABSOLUTE
    _printf_g                                0x00000000   Number         0  stubs.o ABSOLUTE
    _printf_i                                0x00000000   Number         0  stubs.o ABSOLUTE
    _printf_int_dec                          0x00000000   Number         0  stubs.o ABSOLUTE
    _printf_l                                0x00000000   Number         0  stubs.o ABSOLUTE
    _printf_lc                               0x00000000   Number         0  stubs.o ABSOLUTE
    _printf_ll                               0x00000000   Number         0  stubs.o ABSOLUTE
    _printf_lld                              0x00000000   Number         0  stubs.o ABSOLUTE
    _printf_lli                              0x00000000   Number         0  stubs.o ABSOLUTE
    _printf_llo                              0x00000000   Number         0  stubs.o ABSOLUTE
    _printf_llu                              0x00000000   Number         0  stubs.o ABSOLUTE
    _printf_llx                              0x00000000   Number         0  stubs.o ABSOLUTE
    _printf_longlong_dec                     0x00000000   Number         0  stubs.o ABSOLUTE
    _printf_longlong_hex                     0x00000000   Number         0  stubs.o ABSOLUTE
    _printf_longlong_oct                     0x00000000   Number         0  stubs.o ABSOLUTE
    _printf_ls                               0x00000000   Number         0  stubs.o ABSOLUTE
    _printf_mbtowc                           0x00000000   Number         0  stubs.o ABSOLUTE
    _printf_n                                0x00000000   Number         0  stubs.o ABSOLUTE
    _printf_o                                0x00000000   Number         0  stubs.o ABSOLUTE
    _printf_p                                0x00000000   Number         0  stubs.o ABSOLUTE
    _printf_percent                          0x00000000   Number         0  stubs.o ABSOLUTE
    _printf_pre_padding                      0x00000000   Number         0  stubs.o ABSOLUTE
    _printf_return_value                     0x00000000   Number         0  stubs.o ABSOLUTE
    _printf_s                                0x00000000   Number         0  stubs.o ABSOLUTE
    _printf_sizespec                         0x00000000   Number         0  stubs.o ABSOLUTE
    _printf_str                              0x00000000   Number         0  stubs.o ABSOLUTE
    _printf_truncate_signed                  0x00000000   Number         0  stubs.o ABSOLUTE
    _printf_truncate_unsigned                0x00000000   Number         0  stubs.o ABSOLUTE
    _printf_u                                0x00000000   Number         0  stubs.o ABSOLUTE
    _printf_wc                               0x00000000   Number         0  stubs.o ABSOLUTE
    _printf_wctomb                           0x00000000   Number         0  stubs.o ABSOLUTE
    _printf_widthprec                        0x00000000   Number         0  stubs.o ABSOLUTE
    _printf_x                                0x00000000   Number         0  stubs.o ABSOLUTE
    __cpp_initialize__aeabi_                  - Undefined Weak Reference
    __cxa_finalize                            - Undefined Weak Reference
    __decompress                              - Undefined Weak Reference
    _clock_init                               - Undefined Weak Reference
    _microlib_exit                            - Undefined Weak Reference
    __Vectors_Size                           0x000000ec   Number         0  startup_stm32f10x_md.o ABSOLUTE
    __Vectors                                0x08000000   Data           4  startup_stm32f10x_md.o(RESET)
    __Vectors_End                            0x080000ec   Data           0  startup_stm32f10x_md.o(RESET)
    __main                                   0x080000ed   Thumb Code     0  entry.o(.ARM.Collect$$$$00000000)
    _main_stk                                0x080000ed   Thumb Code     0  entry2.o(.ARM.Collect$$$$00000001)
    _main_scatterload                        0x080000f1   Thumb Code     0  entry5.o(.ARM.Collect$$$$00000004)
    __main_after_scatterload                 0x080000f5   Thumb Code     0  entry5.o(.ARM.Collect$$$$00000004)
    _main_clock                              0x080000f5   Thumb Code     0  entry7b.o(.ARM.Collect$$$$00000008)
    _main_cpp_init                           0x080000f5   Thumb Code     0  entry8b.o(.ARM.Collect$$$$0000000A)
    _main_init                               0x080000f5   Thumb Code     0  entry9a.o(.ARM.Collect$$$$0000000B)
    __rt_final_cpp                           0x080000fd   Thumb Code     0  entry10a.o(.ARM.Collect$$$$0000000D)
    __rt_final_exit                          0x080000fd   Thumb Code     0  entry11a.o(.ARM.Collect$$$$0000000F)
    SVC_Handler                              0x08000101   Thumb Code    32  port.o(.emb_text)
    __asm___6_port_c_39a90d8d__prvStartFirstTask 0x08000125   Thumb Code    28  port.o(.emb_text)
    PendSV_Handler                           0x08000145   Thumb Code    72  port.o(.emb_text)
    vPortGetIPSR                             0x08000191   Thumb Code     6  port.o(.emb_text)
    Reset_Handler                            0x08000199   Thumb Code     8  startup_stm32f10x_md.o(.text)
    ADC1_2_IRQHandler                        0x080001b3   Thumb Code     0  startup_stm32f10x_md.o(.text)
    CAN1_RX1_IRQHandler                      0x080001b3   Thumb Code     0  startup_stm32f10x_md.o(.text)
    CAN1_SCE_IRQHandler                      0x080001b3   Thumb Code     0  startup_stm32f10x_md.o(.text)
    DMA1_Channel1_IRQHandler                 0x080001b3   Thumb Code     0  startup_stm32f10x_md.o(.text)
    DMA1_Channel2_IRQHandler                 0x080001b3   Thumb Code     0  startup_stm32f10x_md.o(.text)
    DMA1_Channel3_IRQHandler                 0x080001b3   Thumb Code     0  startup_stm32f10x_md.o(.text)
    DMA1_Channel4_IRQHandler                 0x080001b3   Thumb Code     0  startup_stm32f10x_md.o(.text)
    DMA1_Channel5_IRQHandler                 0x080001b3   Thumb Code     0  startup_stm32f10x_md.o(.text)
    DMA1_Channel6_IRQHandler                 0x080001b3   Thumb Code     0  startup_stm32f10x_md.o(.text)
    DMA1_Channel7_IRQHandler                 0x080001b3   Thumb Code     0  startup_stm32f10x_md.o(.text)
    EXTI0_IRQHandler                         0x080001b3   Thumb Code     0  startup_stm32f10x_md.o(.text)
    EXTI15_10_IRQHandler                     0x080001b3   Thumb Code     0  startup_stm32f10x_md.o(.text)
    EXTI1_IRQHandler                         0x080001b3   Thumb Code     0  startup_stm32f10x_md.o(.text)
    EXTI2_IRQHandler                         0x080001b3   Thumb Code     0  startup_stm32f10x_md.o(.text)
    EXTI3_IRQHandler                         0x080001b3   Thumb Code     0  startup_stm32f10x_md.o(.text)
    EXTI4_IRQHandler                         0x080001b3   Thumb Code     0  startup_stm32f10x_md.o(.text)
    EXTI9_5_IRQHandler                       0x080001b3   Thumb Code     0  startup_stm32f10x_md.o(.text)
    FLASH_IRQHandler                         0x080001b3   Thumb Code     0  startup_stm32f10x_md.o(.text)
    I2C1_ER_IRQHandler                       0x080001b3   Thumb Code     0  startup_stm32f10x_md.o(.text)
    I2C1_EV_IRQHandler                       0x080001b3   Thumb Code     0  startup_stm32f10x_md.o(.text)
    I2C2_ER_IRQHandler                       0x080001b3   Thumb Code     0  startup_stm32f10x_md.o(.text)
    I2C2_EV_IRQHandler                       0x080001b3   Thumb Code     0  startup_stm32f10x_md.o(.text)
    PVD_IRQHandler                           0x080001b3   Thumb Code     0  startup_stm32f10x_md.o(.text)
    RCC_IRQHandler                           0x080001b3   Thumb Code     0  startup_stm32f10x_md.o(.text)
    RTCAlarm_IRQHandler                      0x080001b3   Thumb Code     0  startup_stm32f10x_md.o(.text)
    RTC_IRQHandler                           0x080001b3   Thumb Code     0  startup_stm32f10x_md.o(.text)
    SPI1_IRQHandler                          0x080001b3   Thumb Code     0  startup_stm32f10x_md.o(.text)
    SPI2_IRQHandler                          0x080001b3   Thumb Code     0  startup_stm32f10x_md.o(.text)
    TAMPER_IRQHandler                        0x080001b3   Thumb Code     0  startup_stm32f10x_md.o(.text)
    TIM1_BRK_IRQHandler                      0x080001b3   Thumb Code     0  startup_stm32f10x_md.o(.text)
    TIM1_CC_IRQHandler                       0x080001b3   Thumb Code     0  startup_stm32f10x_md.o(.text)
    TIM1_TRG_COM_IRQHandler                  0x080001b3   Thumb Code     0  startup_stm32f10x_md.o(.text)
    TIM1_UP_IRQHandler                       0x080001b3   Thumb Code     0  startup_stm32f10x_md.o(.text)
    TIM2_IRQHandler                          0x080001b3   Thumb Code     0  startup_stm32f10x_md.o(.text)
    TIM3_IRQHandler                          0x080001b3   Thumb Code     0  startup_stm32f10x_md.o(.text)
    TIM4_IRQHandler                          0x080001b3   Thumb Code     0  startup_stm32f10x_md.o(.text)
    USART2_IRQHandler                        0x080001b3   Thumb Code     0  startup_stm32f10x_md.o(.text)
    USART3_IRQHandler                        0x080001b3   Thumb Code     0  startup_stm32f10x_md.o(.text)
    USBWakeUp_IRQHandler                     0x080001b3   Thumb Code     0  startup_stm32f10x_md.o(.text)
    USB_HP_CAN1_TX_IRQHandler                0x080001b3   Thumb Code     0  startup_stm32f10x_md.o(.text)
    USB_LP_CAN1_RX0_IRQHandler               0x080001b3   Thumb Code     0  startup_stm32f10x_md.o(.text)
    WWDG_IRQHandler                          0x080001b3   Thumb Code     0  startup_stm32f10x_md.o(.text)
    __aeabi_memcpy                           0x080001bd   Thumb Code    36  memcpya.o(.text)
    __aeabi_memcpy4                          0x080001bd   Thumb Code     0  memcpya.o(.text)
    __aeabi_memcpy8                          0x080001bd   Thumb Code     0  memcpya.o(.text)
    __aeabi_memset                           0x080001e1   Thumb Code    14  memseta.o(.text)
    __aeabi_memset4                          0x080001e1   Thumb Code     0  memseta.o(.text)
    __aeabi_memset8                          0x080001e1   Thumb Code     0  memseta.o(.text)
    __aeabi_memclr                           0x080001ef   Thumb Code     4  memseta.o(.text)
    __aeabi_memclr4                          0x080001ef   Thumb Code     0  memseta.o(.text)
    __aeabi_memclr8                          0x080001ef   Thumb Code     0  memseta.o(.text)
    memset                                   0x080001f3   Thumb Code    18  memseta.o(.text)
    __aeabi_uidiv                            0x08000205   Thumb Code     0  uidiv.o(.text)
    __aeabi_uidivmod                         0x08000205   Thumb Code    44  uidiv.o(.text)
    __aeabi_uldivmod                         0x08000231   Thumb Code    98  uldiv.o(.text)
    __I$use$fp                               0x08000293   Thumb Code     0  iusefp.o(.text)
    __aeabi_dadd                             0x08000293   Thumb Code   322  dadd.o(.text)
    __aeabi_dsub                             0x080003d5   Thumb Code     6  dadd.o(.text)
    __aeabi_drsub                            0x080003db   Thumb Code     6  dadd.o(.text)
    __aeabi_dmul                             0x080003e1   Thumb Code   228  dmul.o(.text)
    __aeabi_ddiv                             0x080004c5   Thumb Code   222  ddiv.o(.text)
    __aeabi_d2ulz                            0x080005a3   Thumb Code    48  dfixul.o(.text)
    __aeabi_cdrcmple                         0x080005d5   Thumb Code    48  cdrcmple.o(.text)
    __scatterload                            0x08000605   Thumb Code    28  init.o(.text)
    __scatterload_rt2                        0x08000605   Thumb Code     0  init.o(.text)
    __aeabi_llsl                             0x08000629   Thumb Code    30  llshl.o(.text)
    _ll_shift_l                              0x08000629   Thumb Code     0  llshl.o(.text)
    __aeabi_llsr                             0x08000647   Thumb Code    32  llushr.o(.text)
    _ll_ushift_r                             0x08000647   Thumb Code     0  llushr.o(.text)
    __aeabi_lasr                             0x08000667   Thumb Code    36  llsshr.o(.text)
    _ll_sshift_r                             0x08000667   Thumb Code     0  llsshr.o(.text)
    _double_round                            0x0800068b   Thumb Code    30  depilogue.o(.text)
    _double_epilogue                         0x080006a9   Thumb Code   156  depilogue.o(.text)
    BEEP_Init                                0x08000745   Thumb Code    46  beep.o(i.BEEP_Init)
    BusFault_Handler                         0x08000779   Thumb Code     4  stm32f10x_it.o(i.BusFault_Handler)
    DRIVE_Init                               0x0800077d   Thumb Code    28  main.o(i.DRIVE_Init)
    DebugMon_Handler                         0x08000799   Thumb Code     2  stm32f10x_it.o(i.DebugMon_Handler)
    ESP8266_Init                             0x080007bd   Thumb Code   116  esp8266.o(i.ESP8266_Init)
    ESP8266_Printf                           0x080008d1   Thumb Code    36  esp8266.o(i.ESP8266_Printf)
    ESP8266_Send                             0x080008f5   Thumb Code    40  esp8266.o(i.ESP8266_Send)
    GPIO_Init                                0x08000973   Thumb Code   278  stm32f10x_gpio.o(i.GPIO_Init)
    GPIO_ReadOutputDataBit                   0x08000a89   Thumb Code    18  stm32f10x_gpio.o(i.GPIO_ReadOutputDataBit)
    GPIO_ResetBits                           0x08000a9b   Thumb Code     4  stm32f10x_gpio.o(i.GPIO_ResetBits)
    GPIO_SetBits                             0x08000a9f   Thumb Code     4  stm32f10x_gpio.o(i.GPIO_SetBits)
    GPIO_WriteBit                            0x08000aa3   Thumb Code    10  stm32f10x_gpio.o(i.GPIO_WriteBit)
    HardFault_Handler                        0x08000aad   Thumb Code     4  stm32f10x_it.o(i.HardFault_Handler)
    LED_Init                                 0x08000ab1   Thumb Code    46  led.o(i.LED_Init)
    LED_Turn                                 0x08000ae5   Thumb Code    34  led.o(i.LED_Turn)
    MX_FREERTOS_Init                         0x08000b0d   Thumb Code    18  freertos.o(i.MX_FREERTOS_Init)
    MemManage_Handler                        0x08000b2d   Thumb Code     4  stm32f10x_it.o(i.MemManage_Handler)
    NMI_Handler                              0x08000b31   Thumb Code     2  stm32f10x_it.o(i.NMI_Handler)
    NVIC_Init                                0x08000b35   Thumb Code   100  misc.o(i.NVIC_Init)
    NVIC_PriorityGroupConfig                 0x08000ba5   Thumb Code    10  misc.o(i.NVIC_PriorityGroupConfig)
    OLED_Clear                               0x08000bb9   Thumb Code    42  oled.o(i.OLED_Clear)
    OLED_I2C_Init                            0x08000be5   Thumb Code    72  oled.o(i.OLED_I2C_Init)
    OLED_I2C_SendByte                        0x08000c31   Thumb Code    74  oled.o(i.OLED_I2C_SendByte)
    OLED_I2C_Start                           0x08000c81   Thumb Code    44  oled.o(i.OLED_I2C_Start)
    OLED_I2C_Stop                            0x08000cb1   Thumb Code    34  oled.o(i.OLED_I2C_Stop)
    OLED_Init                                0x08000cd9   Thumb Code   174  oled.o(i.OLED_Init)
    OLED_SetCursor                           0x08000d87   Thumb Code    34  oled.o(i.OLED_SetCursor)
    OLED_WriteCommand                        0x08000da9   Thumb Code    32  oled.o(i.OLED_WriteCommand)
    OLED_WriteData                           0x08000dc9   Thumb Code    32  oled.o(i.OLED_WriteData)
    RCC_APB1PeriphClockCmd                   0x08000de9   Thumb Code    26  stm32f10x_rcc.o(i.RCC_APB1PeriphClockCmd)
    RCC_APB2PeriphClockCmd                   0x08000e09   Thumb Code    26  stm32f10x_rcc.o(i.RCC_APB2PeriphClockCmd)
    RCC_GetClocksFreq                        0x08000e29   Thumb Code   192  stm32f10x_rcc.o(i.RCC_GetClocksFreq)
    Serial_Init                              0x08000efd   Thumb Code   144  serial.o(i.Serial_Init)
    Serial_NVIC_Init                         0x08000f95   Thumb Code    30  serial.o(i.Serial_NVIC_Init)
    Serial_SendByte                          0x08000fb5   Thumb Code    28  serial.o(i.Serial_SendByte)
    Servo_Init                               0x08000fd5   Thumb Code     8  servo.o(i.Servo_Init)
    Servo_Timer_Init                         0x08000fdd   Thumb Code   138  servo.o(i.Servo_Timer_Init)
    StartDefaultTask                         0x08001155   Thumb Code    26  freertos.o(i.StartDefaultTask)
    SysTick_Handler                          0x08001179   Thumb Code    46  port.o(i.SysTick_Handler)
    SystemInit                               0x080011ad   Thumb Code    78  system_stm32f10x.o(i.SystemInit)
    TIM_Cmd                                  0x0800120d   Thumb Code    24  stm32f10x_tim.o(i.TIM_Cmd)
    TIM_OC2Init                              0x08001225   Thumb Code   154  stm32f10x_tim.o(i.TIM_OC2Init)
    TIM_OCStructInit                         0x080012c9   Thumb Code    20  stm32f10x_tim.o(i.TIM_OCStructInit)
    TIM_TimeBaseInit                         0x080012dd   Thumb Code   122  stm32f10x_tim.o(i.TIM_TimeBaseInit)
    USART1_IRQHandler                        0x08001381   Thumb Code    44  serial.o(i.USART1_IRQHandler)
    USART_ClearITPendingBit                  0x080013b9   Thumb Code    30  stm32f10x_usart.o(i.USART_ClearITPendingBit)
    USART_Cmd                                0x080013d7   Thumb Code    24  stm32f10x_usart.o(i.USART_Cmd)
    USART_GetFlagStatus                      0x080013ef   Thumb Code    26  stm32f10x_usart.o(i.USART_GetFlagStatus)
    USART_GetITStatus                        0x08001409   Thumb Code    84  stm32f10x_usart.o(i.USART_GetITStatus)
    USART_ITConfig                           0x0800145d   Thumb Code    74  stm32f10x_usart.o(i.USART_ITConfig)
    USART_Init                               0x080014a9   Thumb Code   210  stm32f10x_usart.o(i.USART_Init)
    USART_NVIC_Init                          0x08001581   Thumb Code    34  esp8266.o(i.USART_NVIC_Init)
    USART_ReceiveData                        0x080015a3   Thumb Code    10  stm32f10x_usart.o(i.USART_ReceiveData)
    USART_SendData                           0x080015ad   Thumb Code     8  stm32f10x_usart.o(i.USART_SendData)
    USRT_Init                                0x080015b5   Thumb Code   136  esp8266.o(i.USRT_Init)
    UsageFault_Handler                       0x08001645   Thumb Code     4  stm32f10x_it.o(i.UsageFault_Handler)
    __0printf                                0x08001649   Thumb Code    22  printfa.o(i.__0printf)
    __1printf                                0x08001649   Thumb Code     0  printfa.o(i.__0printf)
    __2printf                                0x08001649   Thumb Code     0  printfa.o(i.__0printf)
    __c89printf                              0x08001649   Thumb Code     0  printfa.o(i.__0printf)
    printf                                   0x08001649   Thumb Code     0  printfa.o(i.__0printf)
    __0vsprintf                              0x08001669   Thumb Code    30  printfa.o(i.__0vsprintf)
    __1vsprintf                              0x08001669   Thumb Code     0  printfa.o(i.__0vsprintf)
    __2vsprintf                              0x08001669   Thumb Code     0  printfa.o(i.__0vsprintf)
    __c89vsprintf                            0x08001669   Thumb Code     0  printfa.o(i.__0vsprintf)
    vsprintf                                 0x08001669   Thumb Code     0  printfa.o(i.__0vsprintf)
    __scatterload_copy                       0x0800169f   Thumb Code    14  handlers.o(i.__scatterload_copy)
    __scatterload_null                       0x080016ad   Thumb Code     2  handlers.o(i.__scatterload_null)
    __scatterload_zeroinit                   0x080016af   Thumb Code    14  handlers.o(i.__scatterload_zeroinit)
    fputc                                    0x08001f79   Thumb Code    16  serial.o(i.fputc)
    main                                     0x08001f89   Thumb Code    28  main.o(i.main)
    osKernelInitialize                       0x08001fa5   Thumb Code    58  cmsis_os2.o(i.osKernelInitialize)
    osKernelStart                            0x08001fe5   Thumb Code    64  cmsis_os2.o(i.osKernelStart)
    osThreadNew                              0x08002029   Thumb Code   216  cmsis_os2.o(i.osThreadNew)
    pvPortMalloc                             0x08002ad1   Thumb Code   296  heap_4.o(i.pvPortMalloc)
    pxPortInitialiseStack                    0x08002c0d   Thumb Code    30  port.o(i.pxPortInitialiseStack)
    uxListRemove                             0x08002c31   Thumb Code    40  list.o(i.uxListRemove)
    vApplicationGetIdleTaskMemory            0x08002c59   Thumb Code    14  cmsis_os2.o(i.vApplicationGetIdleTaskMemory)
    vApplicationGetTimerTaskMemory           0x08002c71   Thumb Code    16  cmsis_os2.o(i.vApplicationGetTimerTaskMemory)
    vListInitialise                          0x08002c89   Thumb Code    26  list.o(i.vListInitialise)
    vListInitialiseItem                      0x08002ca3   Thumb Code     6  list.o(i.vListInitialiseItem)
    vListInsert                              0x08002ca9   Thumb Code    52  list.o(i.vListInsert)
    vListInsertEnd                           0x08002cdd   Thumb Code    24  list.o(i.vListInsertEnd)
    vPortEnterCritical                       0x08002cf5   Thumb Code    76  port.o(i.vPortEnterCritical)
    vPortExitCritical                        0x08002d49   Thumb Code    56  port.o(i.vPortExitCritical)
    vPortFree                                0x08002d85   Thumb Code   140  heap_4.o(i.vPortFree)
    vPortSetupTimerInterrupt                 0x08002e19   Thumb Code    36  port.o(i.vPortSetupTimerInterrupt)
    vPortValidateInterruptPriority           0x08002e41   Thumb Code   106  port.o(i.vPortValidateInterruptPriority)
    vQueueAddToRegistry                      0x08002eb9   Thumb Code    38  queue.o(i.vQueueAddToRegistry)
    vQueueWaitForMessageRestricted           0x08002ee5   Thumb Code    74  queue.o(i.vQueueWaitForMessageRestricted)
    vTaskDelay                               0x08002f31   Thumb Code    82  tasks.o(i.vTaskDelay)
    vTaskInternalSetTimeOutState             0x08002f8d   Thumb Code    14  tasks.o(i.vTaskInternalSetTimeOutState)
    vTaskMissedYield                         0x08002fa5   Thumb Code     8  tasks.o(i.vTaskMissedYield)
    vTaskPlaceOnEventList                    0x08002fb1   Thumb Code    52  tasks.o(i.vTaskPlaceOnEventList)
    vTaskPlaceOnEventListRestricted          0x08002fe9   Thumb Code    60  tasks.o(i.vTaskPlaceOnEventListRestricted)
    vTaskStartScheduler                      0x08003029   Thumb Code   156  tasks.o(i.vTaskStartScheduler)
    vTaskSuspendAll                          0x080030e1   Thumb Code    12  tasks.o(i.vTaskSuspendAll)
    vTaskSwitchContext                       0x080030f1   Thumb Code   122  tasks.o(i.vTaskSwitchContext)
    xPortStartScheduler                      0x08003181   Thumb Code   228  port.o(i.xPortStartScheduler)
    xQueueGenericCreateStatic                0x08003279   Thumb Code   222  queue.o(i.xQueueGenericCreateStatic)
    xQueueGenericReset                       0x08003359   Thumb Code   146  queue.o(i.xQueueGenericReset)
    xQueueGenericSend                        0x080033f1   Thumb Code   420  queue.o(i.xQueueGenericSend)
    xQueueGenericSendFromISR                 0x08003599   Thumb Code   248  queue.o(i.xQueueGenericSendFromISR)
    xQueueReceive                            0x08003691   Thumb Code   356  queue.o(i.xQueueReceive)
    xTaskCheckForTimeOut                     0x080037f9   Thumb Code   132  tasks.o(i.xTaskCheckForTimeOut)
    xTaskCreate                              0x08003885   Thumb Code   100  tasks.o(i.xTaskCreate)
    xTaskCreateStatic                        0x080038e9   Thumb Code   184  tasks.o(i.xTaskCreateStatic)
    xTaskGetSchedulerState                   0x080039a1   Thumb Code    24  tasks.o(i.xTaskGetSchedulerState)
    xTaskGetTickCount                        0x080039c1   Thumb Code     6  tasks.o(i.xTaskGetTickCount)
    xTaskIncrementTick                       0x080039cd   Thumb Code   280  tasks.o(i.xTaskIncrementTick)
    xTaskPriorityDisinherit                  0x08003b11   Thumb Code   152  tasks.o(i.xTaskPriorityDisinherit)
    xTaskRemoveFromEventList                 0x08003bb5   Thumb Code   126  tasks.o(i.xTaskRemoveFromEventList)
    xTaskResumeAll                           0x08003c4d   Thumb Code   222  tasks.o(i.xTaskResumeAll)
    xTimerCreateTimerTask                    0x08003d51   Thumb Code   100  timers.o(i.xTimerCreateTimerTask)
    xTimerGenericCommand                     0x08003dc9   Thumb Code   128  timers.o(i.xTimerGenericCommand)
    defaultTask_attributes                   0x08003e4c   Data          36  freertos.o(.constdata)
    Region$$Table$$Base                      0x08003e7c   Number         0  anon$$obj.o(Region$$Table)
    Region$$Table$$Limit                     0x08003e9c   Number         0  anon$$obj.o(Region$$Table)
    SystemCoreClock                          0x20000000   Data           4  system_stm32f10x.o(.data)
    AHBPrescTable                            0x20000004   Data          16  system_stm32f10x.o(.data)
    Serial_RxData                            0x20000028   Data           1  serial.o(.data)
    Serial_RxFlag                            0x20000029   Data           1  serial.o(.data)
    pxCurrentTCB                             0x2000002c   Data           4  tasks.o(.data)
    defaultTaskHandle                        0x200000a4   Data           4  freertos.o(.data)
    __stdout                                 0x200000e4   Data           4  stdout.o(.data)
    xQueueRegistry                           0x200000e8   Data          64  queue.o(.bss)
    __initial_sp                             0x20001dc0   Data           0  startup_stm32f10x_md.o(STACK)



==============================================================================

Memory Map of the image

  Image Entry point : 0x080000ed

  Load Region LR_IROM1 (Base: 0x08000000, Size: 0x00003f84, Max: 0x00010000, ABSOLUTE)

    Execution Region ER_IROM1 (Base: 0x08000000, Size: 0x00003e9c, Max: 0x00010000, ABSOLUTE)

    Base Addr    Size         Type   Attr      Idx    E Section Name        Object

    0x08000000   0x000000ec   Data   RO            3    RESET               startup_stm32f10x_md.o
    0x080000ec   0x00000000   Code   RO         5355  * .ARM.Collect$$$$00000000  mc_w.l(entry.o)
    0x080000ec   0x00000004   Code   RO         5635    .ARM.Collect$$$$00000001  mc_w.l(entry2.o)
    0x080000f0   0x00000004   Code   RO         5638    .ARM.Collect$$$$00000004  mc_w.l(entry5.o)
    0x080000f4   0x00000000   Code   RO         5640    .ARM.Collect$$$$00000008  mc_w.l(entry7b.o)
    0x080000f4   0x00000000   Code   RO         5642    .ARM.Collect$$$$0000000A  mc_w.l(entry8b.o)
    0x080000f4   0x00000008   Code   RO         5643    .ARM.Collect$$$$0000000B  mc_w.l(entry9a.o)
    0x080000fc   0x00000000   Code   RO         5645    .ARM.Collect$$$$0000000D  mc_w.l(entry10a.o)
    0x080000fc   0x00000000   Code   RO         5647    .ARM.Collect$$$$0000000F  mc_w.l(entry11a.o)
    0x080000fc   0x00000004   Code   RO         5636    .ARM.Collect$$$$00002712  mc_w.l(entry2.o)
    0x08000100   0x00000096   Code   RO         4663    .emb_text           port.o
    0x08000196   0x00000002   PAD
    0x08000198   0x00000024   Code   RO            4    .text               startup_stm32f10x_md.o
    0x080001bc   0x00000024   Code   RO         5358    .text               mc_w.l(memcpya.o)
    0x080001e0   0x00000024   Code   RO         5362    .text               mc_w.l(memseta.o)
    0x08000204   0x0000002c   Code   RO         5650    .text               mc_w.l(uidiv.o)
    0x08000230   0x00000062   Code   RO         5652    .text               mc_w.l(uldiv.o)
    0x08000292   0x00000000   Code   RO         5654    .text               mc_w.l(iusefp.o)
    0x08000292   0x0000014e   Code   RO         5657    .text               mf_w.l(dadd.o)
    0x080003e0   0x000000e4   Code   RO         5659    .text               mf_w.l(dmul.o)
    0x080004c4   0x000000de   Code   RO         5661    .text               mf_w.l(ddiv.o)
    0x080005a2   0x00000030   Code   RO         5663    .text               mf_w.l(dfixul.o)
    0x080005d2   0x00000002   PAD
    0x080005d4   0x00000030   Code   RO         5665    .text               mf_w.l(cdrcmple.o)
    0x08000604   0x00000024   Code   RO         5667    .text               mc_w.l(init.o)
    0x08000628   0x0000001e   Code   RO         5669    .text               mc_w.l(llshl.o)
    0x08000646   0x00000020   Code   RO         5671    .text               mc_w.l(llushr.o)
    0x08000666   0x00000024   Code   RO         5673    .text               mc_w.l(llsshr.o)
    0x0800068a   0x000000ba   Code   RO         5675    .text               mf_w.l(depilogue.o)
    0x08000744   0x00000034   Code   RO         3410    i.BEEP_Init         beep.o
    0x08000778   0x00000004   Code   RO         5310    i.BusFault_Handler  stm32f10x_it.o
    0x0800077c   0x0000001c   Code   RO         5289    i.DRIVE_Init        main.o
    0x08000798   0x00000002   Code   RO         5311    i.DebugMon_Handler  stm32f10x_it.o
    0x0800079a   0x00000020   Code   RO         3464    i.ESP8266_Delay     esp8266.o
    0x080007ba   0x00000002   PAD
    0x080007bc   0x00000114   Code   RO         3465    i.ESP8266_Init      esp8266.o
    0x080008d0   0x00000024   Code   RO         3466    i.ESP8266_Printf    esp8266.o
    0x080008f4   0x00000044   Code   RO         3467    i.ESP8266_Send      esp8266.o
    0x08000938   0x00000020   Code   RO         3468    i.ESP8266_SendByte  esp8266.o
    0x08000958   0x0000001a   Code   RO         3469    i.ESP8266_SendString  esp8266.o
    0x08000972   0x00000116   Code   RO         1347    i.GPIO_Init         stm32f10x_gpio.o
    0x08000a88   0x00000012   Code   RO         1353    i.GPIO_ReadOutputDataBit  stm32f10x_gpio.o
    0x08000a9a   0x00000004   Code   RO         1354    i.GPIO_ResetBits    stm32f10x_gpio.o
    0x08000a9e   0x00000004   Code   RO         1355    i.GPIO_SetBits      stm32f10x_gpio.o
    0x08000aa2   0x0000000a   Code   RO         1358    i.GPIO_WriteBit     stm32f10x_gpio.o
    0x08000aac   0x00000004   Code   RO         5312    i.HardFault_Handler  stm32f10x_it.o
    0x08000ab0   0x00000034   Code   RO         3196    i.LED_Init          led.o
    0x08000ae4   0x00000028   Code   RO         3197    i.LED_Turn          led.o
    0x08000b0c   0x00000020   Code   RO         5234    i.MX_FREERTOS_Init  freertos.o
    0x08000b2c   0x00000004   Code   RO         5313    i.MemManage_Handler  stm32f10x_it.o
    0x08000b30   0x00000002   Code   RO         5314    i.NMI_Handler       stm32f10x_it.o
    0x08000b32   0x00000002   PAD
    0x08000b34   0x00000070   Code   RO          137    i.NVIC_Init         misc.o
    0x08000ba4   0x00000014   Code   RO          138    i.NVIC_PriorityGroupConfig  misc.o
    0x08000bb8   0x0000002a   Code   RO         3214    i.OLED_Clear        oled.o
    0x08000be2   0x00000002   PAD
    0x08000be4   0x0000004c   Code   RO         3215    i.OLED_I2C_Init     oled.o
    0x08000c30   0x00000050   Code   RO         3216    i.OLED_I2C_SendByte  oled.o
    0x08000c80   0x00000030   Code   RO         3217    i.OLED_I2C_Start    oled.o
    0x08000cb0   0x00000028   Code   RO         3218    i.OLED_I2C_Stop     oled.o
    0x08000cd8   0x000000ae   Code   RO         3219    i.OLED_Init         oled.o
    0x08000d86   0x00000022   Code   RO         3221    i.OLED_SetCursor    oled.o
    0x08000da8   0x00000020   Code   RO         3228    i.OLED_WriteCommand  oled.o
    0x08000dc8   0x00000020   Code   RO         3229    i.OLED_WriteData    oled.o
    0x08000de8   0x00000020   Code   RO         1775    i.RCC_APB1PeriphClockCmd  stm32f10x_rcc.o
    0x08000e08   0x00000020   Code   RO         1777    i.RCC_APB2PeriphClockCmd  stm32f10x_rcc.o
    0x08000e28   0x000000d4   Code   RO         1785    i.RCC_GetClocksFreq  stm32f10x_rcc.o
    0x08000efc   0x00000098   Code   RO         3324    i.Serial_Init       serial.o
    0x08000f94   0x0000001e   Code   RO         3325    i.Serial_NVIC_Init  serial.o
    0x08000fb2   0x00000002   PAD
    0x08000fb4   0x00000020   Code   RO         3329    i.Serial_SendByte   serial.o
    0x08000fd4   0x00000008   Code   RO         3437    i.Servo_Init        servo.o
    0x08000fdc   0x00000090   Code   RO         3439    i.Servo_Timer_Init  servo.o
    0x0800106c   0x00000008   Code   RO           24    i.SetSysClock       system_stm32f10x.o
    0x08001074   0x000000e0   Code   RO           25    i.SetSysClockTo72   system_stm32f10x.o
    0x08001154   0x00000024   Code   RO         5235    i.StartDefaultTask  freertos.o
    0x08001178   0x00000034   Code   RO         4664    i.SysTick_Handler   port.o
    0x080011ac   0x00000060   Code   RO           27    i.SystemInit        system_stm32f10x.o
    0x0800120c   0x00000018   Code   RO         2421    i.TIM_Cmd           stm32f10x_tim.o
    0x08001224   0x000000a4   Code   RO         2455    i.TIM_OC2Init       stm32f10x_tim.o
    0x080012c8   0x00000014   Code   RO         2468    i.TIM_OCStructInit  stm32f10x_tim.o
    0x080012dc   0x000000a4   Code   RO         2492    i.TIM_TimeBaseInit  stm32f10x_tim.o
    0x08001380   0x00000038   Code   RO         3332    i.USART1_IRQHandler  serial.o
    0x080013b8   0x0000001e   Code   RO         2957    i.USART_ClearITPendingBit  stm32f10x_usart.o
    0x080013d6   0x00000018   Code   RO         2960    i.USART_Cmd         stm32f10x_usart.o
    0x080013ee   0x0000001a   Code   RO         2963    i.USART_GetFlagStatus  stm32f10x_usart.o
    0x08001408   0x00000054   Code   RO         2964    i.USART_GetITStatus  stm32f10x_usart.o
    0x0800145c   0x0000004a   Code   RO         2966    i.USART_ITConfig    stm32f10x_usart.o
    0x080014a6   0x00000002   PAD
    0x080014a8   0x000000d8   Code   RO         2967    i.USART_Init        stm32f10x_usart.o
    0x08001580   0x00000022   Code   RO         3470    i.USART_NVIC_Init   esp8266.o
    0x080015a2   0x0000000a   Code   RO         2974    i.USART_ReceiveData  stm32f10x_usart.o
    0x080015ac   0x00000008   Code   RO         2977    i.USART_SendData    stm32f10x_usart.o
    0x080015b4   0x00000090   Code   RO         3471    i.USRT_Init         esp8266.o
    0x08001644   0x00000004   Code   RO         5315    i.UsageFault_Handler  stm32f10x_it.o
    0x08001648   0x00000020   Code   RO         5599    i.__0printf         mc_w.l(printfa.o)
    0x08001668   0x00000024   Code   RO         5605    i.__0vsprintf       mc_w.l(printfa.o)
    0x0800168c   0x00000006   Code   RO         4793    i.__get_BASEPRI     cmsis_os2.o
    0x08001692   0x00000006   Code   RO         4794    i.__get_IPSR        cmsis_os2.o
    0x08001698   0x00000006   Code   RO         4795    i.__get_PRIMASK     cmsis_os2.o
    0x0800169e   0x0000000e   Code   RO         5679    i.__scatterload_copy  mc_w.l(handlers.o)
    0x080016ac   0x00000002   Code   RO         5680    i.__scatterload_null  mc_w.l(handlers.o)
    0x080016ae   0x0000000e   Code   RO         5681    i.__scatterload_zeroinit  mc_w.l(handlers.o)
    0x080016bc   0x00000184   Code   RO         5606    i._fp_digits        mc_w.l(printfa.o)
    0x08001840   0x000006dc   Code   RO         5607    i._printf_core      mc_w.l(printfa.o)
    0x08001f1c   0x00000024   Code   RO         5608    i._printf_post_padding  mc_w.l(printfa.o)
    0x08001f40   0x0000002e   Code   RO         5609    i._printf_pre_padding  mc_w.l(printfa.o)
    0x08001f6e   0x0000000a   Code   RO         5611    i._sputc            mc_w.l(printfa.o)
    0x08001f78   0x00000010   Code   RO         3333    i.fputc             serial.o
    0x08001f88   0x0000001c   Code   RO         5290    i.main              main.o
    0x08001fa4   0x00000040   Code   RO         4810    i.osKernelInitialize  cmsis_os2.o
    0x08001fe4   0x00000044   Code   RO         4813    i.osKernelStart     cmsis_os2.o
    0x08002028   0x000000dc   Code   RO         4847    i.osThreadNew       cmsis_os2.o
    0x08002104   0x0000007c   Code   RO         4142    i.prvAddCurrentTaskToDelayedList  tasks.o
    0x08002180   0x000000b8   Code   RO         4143    i.prvAddNewTaskToReadyList  tasks.o
    0x08002238   0x00000074   Code   RO         4503    i.prvCheckForValidListAndQueue  timers.o
    0x080022ac   0x00000048   Code   RO         4144    i.prvCheckTasksWaitingTermination  tasks.o
    0x080022f4   0x0000002a   Code   RO         3735    i.prvCopyDataFromQueue  queue.o
    0x0800231e   0x0000007c   Code   RO         3736    i.prvCopyDataToQueue  queue.o
    0x0800239a   0x00000050   Code   RO         4145    i.prvDeleteTCB      tasks.o
    0x080023ea   0x00000002   PAD
    0x080023ec   0x00000028   Code   RO         4504    i.prvGetNextExpireTime  timers.o
    0x08002414   0x0000007c   Code   RO         4740    i.prvHeapInit       heap_4.o
    0x08002490   0x00000028   Code   RO         4146    i.prvIdleTask       tasks.o
    0x080024b8   0x0000002a   Code   RO         3739    i.prvInitialiseNewQueue  queue.o
    0x080024e2   0x000000b4   Code   RO         4147    i.prvInitialiseNewTask  tasks.o
    0x08002596   0x00000002   PAD
    0x08002598   0x00000068   Code   RO         4148    i.prvInitialiseTaskLists  tasks.o
    0x08002600   0x00000068   Code   RO         4741    i.prvInsertBlockIntoFreeList  heap_4.o
    0x08002668   0x00000058   Code   RO         4506    i.prvInsertTimerInActiveList  timers.o
    0x080026c0   0x0000001a   Code   RO         3740    i.prvIsQueueEmpty   queue.o
    0x080026da   0x0000001e   Code   RO         3741    i.prvIsQueueFull    queue.o
    0x080026f8   0x00000064   Code   RO         4507    i.prvProcessExpiredTimer  timers.o
    0x0800275c   0x00000128   Code   RO         4508    i.prvProcessReceivedCommands  timers.o
    0x08002884   0x00000074   Code   RO         4509    i.prvProcessTimerOrBlockTask  timers.o
    0x080028f8   0x00000034   Code   RO         4150    i.prvResetNextTaskUnblockTime  tasks.o
    0x0800292c   0x0000002c   Code   RO         4510    i.prvSampleTimeNow  timers.o
    0x08002958   0x000000a0   Code   RO         4511    i.prvSwitchTimerLists  timers.o
    0x080029f8   0x00000040   Code   RO         4665    i.prvTaskExitError  port.o
    0x08002a38   0x0000001a   Code   RO         4512    i.prvTimerTask      timers.o
    0x08002a52   0x0000007e   Code   RO         3742    i.prvUnlockQueue    queue.o
    0x08002ad0   0x0000013c   Code   RO         4742    i.pvPortMalloc      heap_4.o
    0x08002c0c   0x00000024   Code   RO         4666    i.pxPortInitialiseStack  port.o
    0x08002c30   0x00000028   Code   RO         3695    i.uxListRemove      list.o
    0x08002c58   0x00000018   Code   RO         4859    i.vApplicationGetIdleTaskMemory  cmsis_os2.o
    0x08002c70   0x00000018   Code   RO         4860    i.vApplicationGetTimerTaskMemory  cmsis_os2.o
    0x08002c88   0x0000001a   Code   RO         3696    i.vListInitialise   list.o
    0x08002ca2   0x00000006   Code   RO         3697    i.vListInitialiseItem  list.o
    0x08002ca8   0x00000034   Code   RO         3698    i.vListInsert       list.o
    0x08002cdc   0x00000018   Code   RO         3699    i.vListInsertEnd    list.o
    0x08002cf4   0x00000054   Code   RO         4668    i.vPortEnterCritical  port.o
    0x08002d48   0x0000003c   Code   RO         4669    i.vPortExitCritical  port.o
    0x08002d84   0x00000094   Code   RO         4743    i.vPortFree         heap_4.o
    0x08002e18   0x00000028   Code   RO         4670    i.vPortSetupTimerInterrupt  port.o
    0x08002e40   0x00000078   Code   RO         4671    i.vPortValidateInterruptPriority  port.o
    0x08002eb8   0x0000002c   Code   RO         3748    i.vQueueAddToRegistry  queue.o
    0x08002ee4   0x0000004a   Code   RO         3752    i.vQueueWaitForMessageRestricted  queue.o
    0x08002f2e   0x00000002   PAD
    0x08002f30   0x0000005c   Code   RO         4162    i.vTaskDelay        tasks.o
    0x08002f8c   0x00000018   Code   RO         4167    i.vTaskInternalSetTimeOutState  tasks.o
    0x08002fa4   0x0000000c   Code   RO         4168    i.vTaskMissedYield  tasks.o
    0x08002fb0   0x00000038   Code   RO         4170    i.vTaskPlaceOnEventList  tasks.o
    0x08002fe8   0x00000040   Code   RO         4171    i.vTaskPlaceOnEventListRestricted  tasks.o
    0x08003028   0x000000b8   Code   RO         4179    i.vTaskStartScheduler  tasks.o
    0x080030e0   0x00000010   Code   RO         4181    i.vTaskSuspendAll   tasks.o
    0x080030f0   0x00000090   Code   RO         4182    i.vTaskSwitchContext  tasks.o
    0x08003180   0x000000f8   Code   RO         4672    i.xPortStartScheduler  port.o
    0x08003278   0x000000de   Code   RO         3758    i.xQueueGenericCreateStatic  queue.o
    0x08003356   0x00000002   PAD
    0x08003358   0x00000098   Code   RO         3759    i.xQueueGenericReset  queue.o
    0x080033f0   0x000001a8   Code   RO         3760    i.xQueueGenericSend  queue.o
    0x08003598   0x000000f8   Code   RO         3761    i.xQueueGenericSendFromISR  queue.o
    0x08003690   0x00000168   Code   RO         3770    i.xQueueReceive     queue.o
    0x080037f8   0x0000008c   Code   RO         4183    i.xTaskCheckForTimeOut  tasks.o
    0x08003884   0x00000064   Code   RO         4184    i.xTaskCreate       tasks.o
    0x080038e8   0x000000b8   Code   RO         4185    i.xTaskCreateStatic  tasks.o
    0x080039a0   0x00000020   Code   RO         4189    i.xTaskGetSchedulerState  tasks.o
    0x080039c0   0x0000000c   Code   RO         4190    i.xTaskGetTickCount  tasks.o
    0x080039cc   0x00000144   Code   RO         4192    i.xTaskIncrementTick  tasks.o
    0x08003b10   0x000000a4   Code   RO         4195    i.xTaskPriorityDisinherit  tasks.o
    0x08003bb4   0x00000098   Code   RO         4197    i.xTaskRemoveFromEventList  tasks.o
    0x08003c4c   0x00000104   Code   RO         4198    i.xTaskResumeAll    tasks.o
    0x08003d50   0x00000078   Code   RO         4519    i.xTimerCreateTimerTask  timers.o
    0x08003dc8   0x00000084   Code   RO         4520    i.xTimerGenericCommand  timers.o
    0x08003e4c   0x00000024   Data   RO         5236    .constdata          freertos.o
    0x08003e70   0x0000000c   Data   RO         5237    .conststring        freertos.o
    0x08003e7c   0x00000020   Data   RO         5677    Region$$Table       anon$$obj.o


    Execution Region RW_IRAM1 (Base: 0x20000000, Size: 0x00001dc0, Max: 0x00005000, ABSOLUTE)

    Base Addr    Size         Type   Attr      Idx    E Section Name        Object

    0x20000000   0x00000014   Data   RW           28    .data               system_stm32f10x.o
    0x20000014   0x00000014   Data   RW         1805    .data               stm32f10x_rcc.o
    0x20000028   0x00000002   Data   RW         3334    .data               serial.o
    0x2000002a   0x00000002   PAD
    0x2000002c   0x0000003c   Data   RW         4201    .data               tasks.o
    0x20000068   0x00000014   Data   RW         4528    .data               timers.o
    0x2000007c   0x0000000c   Data   RW         4673    .data               port.o
    0x20000088   0x00000018   Data   RW         4748    .data               heap_4.o
    0x200000a0   0x00000004   Data   RW         4862    .data               cmsis_os2.o
    0x200000a4   0x00000040   Data   RW         5238    .data               freertos.o
    0x200000e4   0x00000004   Data   RW         5649    .data               mc_w.l(stdout.o)
    0x200000e8   0x00000040   Zero   RW         3774    .bss                queue.o
    0x20000128   0x000004c4   Zero   RW         4200    .bss                tasks.o
    0x200005ec   0x00000118   Zero   RW         4527    .bss                timers.o
    0x20000704   0x00000c00   Zero   RW         4747    .bss                heap_4.o
    0x20001304   0x000006b8   Zero   RW         4861    .bss                cmsis_os2.o
    0x200019bc   0x00000004   PAD
    0x200019c0   0x00000400   Zero   RW            1    STACK               startup_stm32f10x_md.o


==============================================================================

Image component sizes


      Code (inc. data)   RO Data    RW Data    ZI Data      Debug   Object Name

        52          6          0          0          0        512   beep.o
       418         32          0          4       1720      14008   cmsis_os2.o
         0          0          0          0          0       4500   core_cm3.o
         0          0          0          0          0       2612   croutine.o
       648        200          0          0          0       8865   esp8266.o
         0          0          0          0          0      20000   event_groups.o
        68         24         48         64          0       5781   freertos.o
       692         62          0         24       3072       4391   heap_4.o
        92         12          0          0          0        970   led.o
       148          0          0          0          0       3170   list.o
        56          0          0          0          0        932   main.o
       132         22          0          0          0     204919   misc.o
       558         20          0          0          0       4956   oled.o
       854         78          0         12          0      10653   port.o
      1914         20          0          0         64      16008   queue.o
       286         24          0          2          0       4901   serial.o
       152          6          0          0          0       1140   servo.o
        36          8        236          0       1024        832   startup_stm32f10x_md.o
         0          0          0          0          0       1692   stm32f10x_adc.o
       314          0          0          0          0      12569   stm32f10x_gpio.o
        20          0          0          0          0       2713   stm32f10x_it.o
       276         32          0         20          0      13166   stm32f10x_rcc.o
       372         52          0          0          0      23310   stm32f10x_tim.o
       472          6          0          0          0      12819   stm32f10x_usart.o
         0          0          0          0          0       8844   stream_buffer.o
       328         28          0         20          0      45809   system_stm32f10x.o
      2796        346          0         60       1220      22282   tasks.o
      1238        124          0         20        280      25859   timers.o

    ----------------------------------------------------------------------
     11942       1102        316        228       7384     478213   Object Totals
         0          0         32          0          0          0   (incl. Generated)
        20          0          0          2          4          0   (incl. Padding)

    ----------------------------------------------------------------------

      Code (inc. data)   RO Data    RW Data    ZI Data      Debug   Library Member Name

         0          0          0          0          0          0   entry.o
         0          0          0          0          0          0   entry10a.o
         0          0          0          0          0          0   entry11a.o
         8          4          0          0          0          0   entry2.o
         4          0          0          0          0          0   entry5.o
         0          0          0          0          0          0   entry7b.o
         0          0          0          0          0          0   entry8b.o
         8          4          0          0          0          0   entry9a.o
        30          0          0          0          0          0   handlers.o
        36          8          0          0          0         68   init.o
         0          0          0          0          0          0   iusefp.o
        30          0          0          0          0         68   llshl.o
        36          0          0          0          0         68   llsshr.o
        32          0          0          0          0         68   llushr.o
        36          0          0          0          0         68   memcpya.o
        36          0          0          0          0        108   memseta.o
      2304         96          0          0          0        600   printfa.o
         0          0          0          4          0          0   stdout.o
        44          0          0          0          0         80   uidiv.o
        98          0          0          0          0         92   uldiv.o
        48          0          0          0          0         68   cdrcmple.o
       334          0          0          0          0        148   dadd.o
       222          0          0          0          0        100   ddiv.o
       186          0          0          0          0        176   depilogue.o
        48          0          0          0          0         68   dfixul.o
       228          0          0          0          0         96   dmul.o

    ----------------------------------------------------------------------
      3770        112          0          4          0       1876   Library Totals
         2          0          0          0          0          0   (incl. Padding)

    ----------------------------------------------------------------------

      Code (inc. data)   RO Data    RW Data    ZI Data      Debug   Library Name

      2702        112          0          4          0       1220   mc_w.l
      1066          0          0          0          0        656   mf_w.l

    ----------------------------------------------------------------------
      3770        112          0          4          0       1876   Library Totals

    ----------------------------------------------------------------------

==============================================================================


      Code (inc. data)   RO Data    RW Data    ZI Data      Debug   

     15712       1214        316        232       7384     472285   Grand Totals
     15712       1214        316        232       7384     472285   ELF Image Totals
     15712       1214        316        232          0          0   ROM Totals

==============================================================================

    Total RO  Size (Code + RO Data)                16028 (  15.65kB)
    Total RW  Size (RW Data + ZI Data)              7616 (   7.44kB)
    Total ROM Size (Code + RO Data + RW Data)      16260 (  15.88kB)

==============================================================================

