<html>
<body>
<pre>
<h1>礦ision Build Log</h1>
<h2>Tool Versions:</h2>
IDE-Version: μVision V5.14.1
Copyright (C) 2015 ARM Ltd and ARM Germany GmbH. All rights reserved.
License Information: 1 Dream, 1, LIC=UB4EI-T3N5Z-BX0UY-ID90G-G89HX-9XFUF
 
Tool Versions:
Toolchain:       MDK-ARM Professional  Version: 5.24.1
Toolchain Path:  D:\Keil5\ARM\ARMCC\Bin
C Compiler:      Armcc.exe V5.06 update 5 (build 528)
Assembler:       Armasm.exe V5.06 update 5 (build 528)
Linker/Locator:  ArmLink.exe V5.06 update 5 (build 528)
Library Manager: ArmAr.exe V5.06 update 5 (build 528)
Hex Converter:   FromElf.exe V5.06 update 5 (build 528)
CPU DLL:         SARMCM3.DLL V5.24.1
Dialog DLL:      DARMSTM.DLL V1.68.0.0
Target DLL:      STLink\ST-LINKIII-KEIL_SWO.dll V3.0.1.0
Dialog DLL:      TCM.DLL V1.32.0.0
 
<h2>Project:</h2>
C:\Users\Dream\Desktop\智慧无人超市项目\智慧无人超市-esp8266发送通信完成\Project.uvprojx
Project File Date:  04/15/2024

<h2>Output:</h2>
*** Using Compiler 'V5.06 update 5 (build 528)', folder: 'D:\Keil5\ARM\ARMCC\Bin'
Build target 'Target 1'
compiling ESP8266.c...
Hardware\ESP8266\ESP8266.c(113): warning:  #1-D: last line of file ends without a newline
  }
Hardware\ESP8266\ESP8266.c: 1 warning, 0 errors
compiling freertos.c...
FreeRTOS\freertos.c(167): warning:  #177-D: variable "cnt"  was declared but never referenced
   int cnt = 0; 
FreeRTOS\freertos.c(71): warning:  #177-D: variable "task1Info"  was declared but never referenced
  static struct TaskPrintInfo task1Info = {1,1,"task1"};
FreeRTOS\freertos.c(72): warning:  #177-D: variable "task2Info"  was declared but never referenced
  static struct TaskPrintInfo task2Info = {2,1,"task2"};
FreeRTOS\freertos.c(73): warning:  #177-D: variable "task3Info"  was declared but never referenced
  static struct TaskPrintInfo task3Info = {3,1,"task3"};
FreeRTOS\freertos.c: 4 warnings, 0 errors
compiling main.c...
linking...
Program Size: Code=15712 RO-data=316 RW-data=232 ZI-data=7384  
FromELF: creating hex file...
".\Objects\Project.axf" - 0 Error(s), 5 Warning(s).

<h2>Collection of Component include folders:</h2>
  C:\Users\Dream\Desktop\智慧无人超市项目\智慧无人超市-esp8266发送通信完成\RTE
  D:\Keil5\ARM\PACK\Keil\STM32F1xx_DFP\2.2.0\Device\Include

<h2>Collection of Component Files used:</h2>
</pre>
</body>
</html>
