<html>
<body>
<pre>
<h1>礦ision Build Log</h1>
<h2>Tool Versions:</h2>
IDE-Version: μVision V5.14.1
Copyright (C) 2015 ARM Ltd and ARM Germany GmbH. All rights reserved.
License Information: 1 Dream, 1, LIC=UB4EI-T3N5Z-BX0UY-ID90G-G89HX-9XFUF
 
Tool Versions:
Toolchain:       MDK-ARM Professional  Version: 5.24.1
Toolchain Path:  D:\Keil5\ARM\ARMCC\Bin
C Compiler:      Armcc.exe V5.06 update 5 (build 528)
Assembler:       Armasm.exe V5.06 update 5 (build 528)
Linker/Locator:  ArmLink.exe V5.06 update 5 (build 528)
Library Manager: ArmAr.exe V5.06 update 5 (build 528)
Hex Converter:   FromElf.exe V5.06 update 5 (build 528)
CPU DLL:         SARMCM3.DLL V5.24.1
Dialog DLL:      DARMSTM.DLL V1.68.0.0
Target DLL:      STLink\ST-LINKIII-KEIL_SWO.dll V3.0.1.0
Dialog DLL:      TCM.DLL V1.32.0.0
 
<h2>Project:</h2>
C:\Users\Dream\Desktop\智慧无人超市项目\智慧无人超市-esp8266通信完成\Project.uvprojx
Project File Date:  04/15/2024

<h2>Output:</h2>
*** Using Compiler 'V5.06 update 5 (build 528)', folder: 'D:\Keil5\ARM\ARMCC\Bin'
Rebuild target 'Target 1'
assembling startup_stm32f10x_md.s...
compiling core_cm3.c...
compiling system_stm32f10x.c...
compiling misc.c...
compiling stm32f10x_adc.c...
compiling stm32f10x_bkp.c...
compiling stm32f10x_can.c...
compiling stm32f10x_cec.c...
compiling stm32f10x_crc.c...
compiling stm32f10x_dac.c...
compiling stm32f10x_dbgmcu.c...
compiling stm32f10x_dma.c...
compiling stm32f10x_exti.c...
compiling stm32f10x_flash.c...
compiling stm32f10x_fsmc.c...
compiling stm32f10x_gpio.c...
compiling stm32f10x_i2c.c...
compiling stm32f10x_iwdg.c...
compiling stm32f10x_pwr.c...
compiling stm32f10x_rcc.c...
compiling stm32f10x_rtc.c...
compiling stm32f10x_sdio.c...
compiling stm32f10x_spi.c...
compiling stm32f10x_tim.c...
compiling stm32f10x_usart.c...
compiling stm32f10x_wwdg.c...
compiling LED.c...
compiling OLED.c...
compiling Serial.c...
compiling BEEP.c...
compiling Servo.c...
compiling ESP8266.c...
compiling croutine.c...
compiling event_groups.c...
compiling list.c...
compiling queue.c...
compiling stream_buffer.c...
compiling tasks.c...
compiling timers.c...
compiling port.c...
compiling heap_4.c...
compiling cmsis_os2.c...
compiling freertos.c...
FreeRTOS\freertos.c(167): warning:  #177-D: variable "cnt"  was declared but never referenced
   int cnt = 0; 
FreeRTOS\freertos.c(71): warning:  #177-D: variable "task1Info"  was declared but never referenced
  static struct TaskPrintInfo task1Info = {1,1,"task1"};
FreeRTOS\freertos.c(72): warning:  #177-D: variable "task2Info"  was declared but never referenced
  static struct TaskPrintInfo task2Info = {2,1,"task2"};
FreeRTOS\freertos.c(73): warning:  #177-D: variable "task3Info"  was declared but never referenced
  static struct TaskPrintInfo task3Info = {3,1,"task3"};
FreeRTOS\freertos.c: 4 warnings, 0 errors
compiling main.c...
compiling stm32f10x_it.c...
linking...
Program Size: Code=15928 RO-data=316 RW-data=228 ZI-data=8412  
FromELF: creating hex file...
".\Objects\Project.axf" - 0 Error(s), 4 Warning(s).

<h2>Collection of Component include folders:</h2>
  C:\Users\Dream\Desktop\智慧无人超市项目\智慧无人超市-esp8266通信完成\RTE
  D:\Keil5\ARM\PACK\Keil\STM32F1xx_DFP\2.2.0\Device\Include

<h2>Collection of Component Files used:</h2>
</pre>
</body>
</html>
